Component: ARM Compiler 5.06 update 7 (build 960) Tool: armlink [4d3601]

==============================================================================

Section Cross References

    main.o(i.GetLockCode) refers to 24cxx.o(i.HexArrayToStr) for HexArrayToStr
    main.o(i.GetLockCode) refers to main.o(.bss) for gl_IcapDevObj
    main.o(i.led_task) refers to wdg.o(i.IWDG_Feed) for IWDG_Feed
    main.o(i.led_task) refers to tasks.o(i.vTaskDelay) for vTaskDelay
    main.o(i.main) refers to _printf_percent.o(.ARM.Collect$$_printf_percent$$00000000) for _printf_percent
    main.o(i.main) refers to _printf_s.o(.ARM.Collect$$_printf_percent$$00000014) for _printf_s
    main.o(i.main) refers to _printf_str.o(.text) for _printf_str
    main.o(i.main) refers to delay.o(i.delay_init) for delay_init
    main.o(i.main) refers to misc.o(i.NVIC_PriorityGroupConfig) for NVIC_PriorityGroupConfig
    main.o(i.main) refers to usart.o(i.uart2_init) for uart2_init
    main.o(i.main) refers to usart.o(i.uart3_init) for uart3_init
    main.o(i.main) refers to 24cxx.o(i.AT24CXX_Init) for AT24CXX_Init
    main.o(i.main) refers to exti.o(i.EXTIX_Init) for EXTIX_Init
    main.o(i.main) refers to led.o(i.LED_Init) for LED_Init
    main.o(i.main) refers to relay.o(i.RelayControl_Init) for RelayControl_Init
    main.o(i.main) refers to rtc.o(i.RTC_init) for RTC_init
    main.o(i.main) refers to usart.o(i.uart_init) for uart_init
    main.o(i.main) refers to wdg.o(i.IWDG_Init) for IWDG_Init
    main.o(i.main) refers to tsensor.o(i.T_Adc_Init) for T_Adc_Init
    main.o(i.main) refers to 24cxx.o(i.AT24CXX_ServiceFunc) for AT24CXX_ServiceFunc
    main.o(i.main) refers to timer.o(i.TIM3_PWM_Init) for TIM3_PWM_Init
    main.o(i.main) refers to hlw8112.o(i.HLW8112_Init) for HLW8112_Init
    main.o(i.main) refers to ec600m.o(i.EC600M_RUN) for EC600M_RUN
    main.o(i.main) refers to main.o(i.GetLockCode) for GetLockCode
    main.o(i.main) refers to noretval__2printf.o(.text) for __2printf
    main.o(i.main) refers to relay.o(i.LampControl) for LampControl
    main.o(i.main) refers to timer.o(i.PWM_Servicefunc) for PWM_Servicefunc
    main.o(i.main) refers to tasks.o(i.xTaskCreate) for xTaskCreate
    main.o(i.main) refers to stm32f10x_iwdg.o(i.IWDG_Enable) for IWDG_Enable
    main.o(i.main) refers to tasks.o(i.vTaskStartScheduler) for vTaskStartScheduler
    main.o(i.main) refers to main.o(.bss) for gl_IcapDevObj
    main.o(i.main) refers to cmddeal.o(.data) for gl_LampConfigObj
    main.o(i.main) refers to main.o(.data) for StartTask_Handler
    main.o(i.main) refers to main.o(i.start_task) for start_task
    main.o(i.start_task) refers to port.o(i.vPortEnterCritical) for vPortEnterCritical
    main.o(i.start_task) refers to queue.o(i.xQueueGenericCreate) for xQueueGenericCreate
    main.o(i.start_task) refers to queue.o(i.xQueueCreateMutex) for xQueueCreateMutex
    main.o(i.start_task) refers to event_groups.o(i.xEventGroupCreate) for xEventGroupCreate
    main.o(i.start_task) refers to tasks.o(i.xTaskCreate) for xTaskCreate
    main.o(i.start_task) refers to tasks.o(i.vTaskDelete) for vTaskDelete
    main.o(i.start_task) refers to port.o(i.vPortExitCritical) for vPortExitCritical
    main.o(i.start_task) refers to main.o(.bss) for gl_IcapDevObj
    main.o(i.start_task) refers to ec600m.o(.bss) for gl_Ec600MObj
    main.o(i.start_task) refers to main.o(.data) for LEDTask_Handler
    main.o(i.start_task) refers to main.o(i.led_task) for led_task
    main.o(i.start_task) refers to storagetask.o(i.Storage_task) for Storage_task
    main.o(i.start_task) refers to hlw8112.o(i.Electricparam_task) for Electricparam_task
    main.o(i.start_task) refers to netcommutask.o(i.NetComm_task) for NetComm_task
    main.o(i.start_task) refers to background.o(i.BackGround_task) for BackGround_task
    main.o(i.start_task) refers to otaupgradetask.o(i.OTAupgrade_task) for OTAupgrade_task
    system_stm32f10x.o(i.SetSysClock) refers to system_stm32f10x.o(i.SetSysClockTo72) for SetSysClockTo72
    system_stm32f10x.o(i.SystemCoreClockUpdate) refers to system_stm32f10x.o(.data) for SystemCoreClock
    system_stm32f10x.o(i.SystemInit) refers to system_stm32f10x.o(i.SetSysClock) for SetSysClock
    startup_stm32f10x_md.o(STACK) refers (Special) to heapauxi.o(.text) for __use_two_region_memory
    startup_stm32f10x_md.o(HEAP) refers (Special) to heapauxi.o(.text) for __use_two_region_memory
    startup_stm32f10x_md.o(RESET) refers (Special) to heapauxi.o(.text) for __use_two_region_memory
    startup_stm32f10x_md.o(RESET) refers to startup_stm32f10x_md.o(STACK) for __initial_sp
    startup_stm32f10x_md.o(RESET) refers to startup_stm32f10x_md.o(.text) for Reset_Handler
    startup_stm32f10x_md.o(RESET) refers to stm32f10x_it.o(i.NMI_Handler) for NMI_Handler
    startup_stm32f10x_md.o(RESET) refers to stm32f10x_it.o(i.HardFault_Handler) for HardFault_Handler
    startup_stm32f10x_md.o(RESET) refers to stm32f10x_it.o(i.MemManage_Handler) for MemManage_Handler
[...]
    OTAupgrade_task                          0x080089c1   Thumb Code   164  otaupgradetask.o(i.OTAupgrade_task)
    PWM_Servicefunc                          0x08008b19   Thumb Code    48  timer.o(i.PWM_Servicefunc)
    PWR_BackupAccessCmd                      0x08008b4d   Thumb Code     6  stm32f10x_pwr.o(i.PWR_BackupAccessCmd)
    PackATOPEN                               0x08008b59   Thumb Code    32  ec600m.o(i.PackATOPEN)
    PackAddStringParam                       0x08008ba1   Thumb Code    60  cmddeal.o(i.PackAddStringParam)
    PackMsgCrc                               0x08008bdd   Thumb Code    34  cmddeal.o(i.PackMsgCrc)
    PackMsgHead                              0x08008c01   Thumb Code    76  cmddeal.o(i.PackMsgHead)
    ParseStringValue                         0x08008c51   Thumb Code   148  otaupgradetask.o(i.ParseStringValue)
    RCC_ADCCLKConfig                         0x08008cf9   Thumb Code    18  stm32f10x_rcc.o(i.RCC_ADCCLKConfig)
    RCC_AHBPeriphClockCmd                    0x08008d11   Thumb Code    26  stm32f10x_rcc.o(i.RCC_AHBPeriphClockCmd)
    RCC_APB1PeriphClockCmd                   0x08008d31   Thumb Code    26  stm32f10x_rcc.o(i.RCC_APB1PeriphClockCmd)
    RCC_APB2PeriphClockCmd                   0x08008d51   Thumb Code    26  stm32f10x_rcc.o(i.RCC_APB2PeriphClockCmd)
    RCC_APB2PeriphResetCmd                   0x08008d71   Thumb Code    26  stm32f10x_rcc.o(i.RCC_APB2PeriphResetCmd)
    RCC_BackupResetCmd                       0x08008d91   Thumb Code     6  stm32f10x_rcc.o(i.RCC_BackupResetCmd)
    RCC_GetClocksFreq                        0x08008d9d   Thumb Code   192  stm32f10x_rcc.o(i.RCC_GetClocksFreq)
    RCC_GetFlagStatus                        0x08008e71   Thumb Code    56  stm32f10x_rcc.o(i.RCC_GetFlagStatus)
    RCC_LSEConfig                            0x08008ead   Thumb Code    46  stm32f10x_rcc.o(i.RCC_LSEConfig)
    RCC_RTCCLKCmd                            0x08008ee1   Thumb Code     6  stm32f10x_rcc.o(i.RCC_RTCCLKCmd)
    RCC_RTCCLKConfig                         0x08008eed   Thumb Code    12  stm32f10x_rcc.o(i.RCC_RTCCLKConfig)
    RTCSetTime                               0x08008efd   Thumb Code   150  rtc.o(i.RTCSetTime)
    RTC_ALRIntEnable                         0x08008f93   Thumb Code    40  rtc.o(i.RTC_ALRIntEnable)
    RTC_Calculate                            0x08008fbd   Thumb Code   220  rtc.o(i.RTC_Calculate)
    RTC_ClearITPendingBit                    0x080090a5   Thumb Code    12  stm32f10x_rtc.o(i.RTC_ClearITPendingBit)
    RTC_EnterConfigMode                      0x080090b5   Thumb Code    14  stm32f10x_rtc.o(i.RTC_EnterConfigMode)
    RTC_ExitConfigMode                       0x080090c9   Thumb Code    16  stm32f10x_rtc.o(i.RTC_ExitConfigMode)
    RTC_Get                                  0x080090dd   Thumb Code   240  rtc.o(i.RTC_Get)
    RTC_GetCounter                           0x080091dd   Thumb Code    16  stm32f10x_rtc.o(i.RTC_GetCounter)
    RTC_GetITStatus                          0x080091f1   Thumb Code    32  stm32f10x_rtc.o(i.RTC_GetITStatus)
    RTC_Get_Week                             0x08009215   Thumb Code   116  rtc.o(i.RTC_Get_Week)
    RTC_IRQHandler                           0x0800928d   Thumb Code   106  rtc.o(i.RTC_IRQHandler)
    RTC_ITConfig                             0x08009325   Thumb Code    26  stm32f10x_rtc.o(i.RTC_ITConfig)
    RTC_Set                                  0x08009369   Thumb Code   184  rtc.o(i.RTC_Set)
    RTC_SetAlarm                             0x08009431   Thumb Code    24  stm32f10x_rtc.o(i.RTC_SetAlarm)
    RTC_SetCounter                           0x0800944d   Thumb Code    24  stm32f10x_rtc.o(i.RTC_SetCounter)
    RTC_SetPrescaler                         0x08009469   Thumb Code    26  stm32f10x_rtc.o(i.RTC_SetPrescaler)
    RTC_WaitForLastTask                      0x08009489   Thumb Code    16  stm32f10x_rtc.o(i.RTC_WaitForLastTask)
    RTC_WaitForSynchro                       0x0800949d   Thumb Code    30  stm32f10x_rtc.o(i.RTC_WaitForSynchro)
    RTC_init                                 0x080094c1   Thumb Code   188  rtc.o(i.RTC_init)
    Randnumget                               0x0800957d   Thumb Code    28  cmddeal.o(i.Randnumget)
    RelayControl_Init                        0x08009599   Thumb Code    88  relay.o(i.RelayControl_Init)
    STMFLASH_Read                            0x080095f9   Thumb Code    34  stmflash.o(i.STMFLASH_Read)
    STMFLASH_ReadHalfWord                    0x0800961b   Thumb Code     6  stmflash.o(i.STMFLASH_ReadHalfWord)
    STMFLASH_Write                           0x08009621   Thumb Code   224  stmflash.o(i.STMFLASH_Write)
    STMFLASH_Write_NoCheck                   0x08009709   Thumb Code    38  stmflash.o(i.STMFLASH_Write_NoCheck)
    Signin_Cmd                               0x08009819   Thumb Code   234  cmddeal.o(i.Signin_Cmd)
    SoftReset                                0x08009915   Thumb Code    44  storagetask.o(i.SoftReset)
    Storage_task                             0x0800995d   Thumb Code   236  storagetask.o(i.Storage_task)
    StrToHexArray                            0x08009aa9   Thumb Code   108  24cxx.o(i.StrToHexArray)
    SysTick_CLKSourceConfig                  0x08009b15   Thumb Code    40  misc.o(i.SysTick_CLKSourceConfig)
    SysTick_Handler                          0x08009b3d   Thumb Code    16  delay.o(i.SysTick_Handler)
    SystemInit                               0x08009b4d   Thumb Code    78  system_stm32f10x.o(i.SystemInit)
    TIM2_IRQHandler                          0x08009bad   Thumb Code    42  timer.o(i.TIM2_IRQHandler)
    TIM2_Int_Init                            0x08009bdd   Thumb Code    92  timer.o(i.TIM2_Int_Init)
    TIM3_IRQHandler                          0x08009c39   Thumb Code    22  timer.o(i.TIM3_IRQHandler)
    TIM3_PWM_Init                            0x08009c55   Thumb Code   166  timer.o(i.TIM3_PWM_Init)
    TIM_ClearITPendingBit                    0x08009d11   Thumb Code     6  stm32f10x_tim.o(i.TIM_ClearITPendingBit)
    TIM_Cmd                                  0x08009d17   Thumb Code    24  stm32f10x_tim.o(i.TIM_Cmd)
    TIM_GetITStatus                          0x08009d2f   Thumb Code    34  stm32f10x_tim.o(i.TIM_GetITStatus)
    TIM_ITConfig                             0x08009d51   Thumb Code    18  stm32f10x_tim.o(i.TIM_ITConfig)
    TIM_OC1Init                              0x08009d65   Thumb Code   132  stm32f10x_tim.o(i.TIM_OC1Init)
    TIM_OC1PreloadConfig                     0x08009dfd   Thumb Code    18  stm32f10x_tim.o(i.TIM_OC1PreloadConfig)
    TIM_OC2Init                              0x08009e11   Thumb Code   154  stm32f10x_tim.o(i.TIM_OC2Init)
    TIM_OC2PreloadConfig                     0x08009eb5   Thumb Code    26  stm32f10x_tim.o(i.TIM_OC2PreloadConfig)
    TIM_SetCompare1                          0x08009ecf   Thumb Code     4  stm32f10x_tim.o(i.TIM_SetCompare1)
    TIM_SetCompare2                          0x08009ed3   Thumb Code     4  stm32f10x_tim.o(i.TIM_SetCompare2)
    TIM_TimeBaseInit                         0x08009ed9   Thumb Code   122  stm32f10x_tim.o(i.TIM_TimeBaseInit)
    T_Adc_Init                               0x08009f7d   Thumb Code   118  tsensor.o(i.T_Adc_Init)
    T_Get_Adc                                0x08009ff9   Thumb Code    46  tsensor.o(i.T_Get_Adc)
    T_Get_Adc_Average                        0x0800a02d   Thumb Code    46  tsensor.o(i.T_Get_Adc_Average)
    USART1_IRQHandler                        0x0800a05d   Thumb Code   116  usart.o(i.USART1_IRQHandler)
    USART2_IRQHandler                        0x0800a0e1   Thumb Code    40  usart.o(i.USART2_IRQHandler)
    USART_Cmd                                0x0800a115   Thumb Code    24  stm32f10x_usart.o(i.USART_Cmd)
    USART_DMACmd                             0x0800a12d   Thumb Code    18  stm32f10x_usart.o(i.USART_DMACmd)
    USART_GetFlagStatus                      0x0800a13f   Thumb Code    26  stm32f10x_usart.o(i.USART_GetFlagStatus)
    USART_GetITStatus                        0x0800a159   Thumb Code    84  stm32f10x_usart.o(i.USART_GetITStatus)
    USART_ITConfig                           0x0800a1ad   Thumb Code    74  stm32f10x_usart.o(i.USART_ITConfig)
    USART_Init                               0x0800a1f9   Thumb Code   210  stm32f10x_usart.o(i.USART_Init)
    USART_ReceiveData                        0x0800a2d1   Thumb Code    10  stm32f10x_usart.o(i.USART_ReceiveData)
    USART_SendByte                           0x0800a2db   Thumb Code    30  usart.o(i.USART_SendByte)
    USART_SendData                           0x0800a2f9   Thumb Code     8  stm32f10x_usart.o(i.USART_SendData)
    UartRxDMA1_Config                        0x0800a301   Thumb Code    78  dma.o(i.UartRxDMA1_Config)
    UartTxDMA1_Config                        0x0800a355   Thumb Code    78  dma.o(i.UartTxDMA1_Config)
    UnPackCmdParam                           0x0800a3a9   Thumb Code  3816  cmddeal.o(i.UnPackCmdParam)
    UnPackStringParam                        0x0800b2a1   Thumb Code    70  cmddeal.o(i.UnPackStringParam)
    UsageFault_Handler                       0x0800b2e7   Thumb Code     4  stm32f10x_it.o(i.UsageFault_Handler)
    __ARM_fpclassify                         0x0800b2eb   Thumb Code    40  fpclassify.o(i.__ARM_fpclassify)
    _is_digit                                0x0800b313   Thumb Code    14  __printf_wp.o(i._is_digit)
    _sys_exit                                0x0800b321   Thumb Code     4  usart.o(i._sys_exit)
    clear_RXBuffer                           0x0800b325   Thumb Code    20  ec600m.o(i.clear_RXBuffer)
    clear_TXBuffer                           0x0800b341   Thumb Code    14  ec600m.o(i.clear_TXBuffer)
    delay_init                               0x0800b355   Thumb Code    74  delay.o(i.delay_init)
    delay_ms                                 0x0800b3b1   Thumb Code    62  delay.o(i.delay_ms)
    delay_us                                 0x0800b3f5   Thumb Code    68  delay.o(i.delay_us)
    fputc                                    0x0800b43d   Thumb Code    32  usart.o(i.fputc)
    getUpdateFile                            0x0800b461   Thumb Code   854  otaupgradetask.o(i.getUpdateFile)
    getUpdatePath                            0x0800ba8d   Thumb Code   104  otaupgradetask.o(i.getUpdatePath)
    http_check_result                        0x0800bb11   Thumb Code    42  otaupgradetask.o(i.http_check_result)
    http_file_size                           0x0800bb49   Thumb Code   100  otaupgradetask.o(i.http_file_size)
    http_get                                 0x0800bbd1   Thumb Code   206  otaupgradetask.o(i.http_get)
    http_parse_result                        0x0800bcc9   Thumb Code   114  otaupgradetask.o(i.http_parse_result)
    http_parse_url                           0x0800bd55   Thumb Code   220  otaupgradetask.o(i.http_parse_url)
    http_tcpclient_close                     0x0800be39   Thumb Code    16  otaupgradetask.o(i.http_tcpclient_close)
    http_tcpclient_create                    0x0800be49   Thumb Code    54  otaupgradetask.o(i.http_tcpclient_create)
    http_tcpclient_recv                      0x0800be85   Thumb Code    52  otaupgradetask.o(i.http_tcpclient_recv)
    http_tcpclient_send                      0x0800bebd   Thumb Code    96  otaupgradetask.o(i.http_tcpclient_send)
    led_task                                 0x0800bf69   Thumb Code    30  main.o(i.led_task)
    main                                     0x0800bf8d   Thumb Code   202  main.o(i.main)
    pvPortMalloc                             0x0800cba1   Thumb Code   272  heap_4.o(i.pvPortMalloc)
    pvTaskIncrementMutexHeldCount            0x0800ccfd   Thumb Code    26  tasks.o(i.pvTaskIncrementMutexHeldCount)
    pxPortInitialiseStack                    0x0800cd1d   Thumb Code    30  port.o(i.pxPortInitialiseStack)
    reset                                    0x0800cd41   Thumb Code    88  ec600m.o(i.reset)
    start_task                               0x0800cdad   Thumb Code   200  main.o(i.start_task)
    uart2_init                               0x0800cf11   Thumb Code   166  usart.o(i.uart2_init)
    uart3_init                               0x0800cfc1   Thumb Code   148  usart.o(i.uart3_init)
    uart_init                                0x0800d05d   Thumb Code   208  usart.o(i.uart_init)
    ulTaskNotifyTake                         0x0800d141   Thumb Code   110  tasks.o(i.ulTaskNotifyTake)
    uxListRemove                             0x0800d1b9   Thumb Code    40  list.o(i.uxListRemove)
    vApplicationMallocFailedHook             0x0800d1e1   Thumb Code     2  main.o(i.vApplicationMallocFailedHook)
    vApplicationStackOverflowHook            0x0800d1e3   Thumb Code     2  main.o(i.vApplicationStackOverflowHook)
    vListInitialise                          0x0800d1e5   Thumb Code    26  list.o(i.vListInitialise)
    vListInitialiseItem                      0x0800d1ff   Thumb Code     6  list.o(i.vListInitialiseItem)
    vListInsert                              0x0800d205   Thumb Code    56  list.o(i.vListInsert)
    vListInsertEnd                           0x0800d23d   Thumb Code    24  list.o(i.vListInsertEnd)
    vPortEnterCritical                       0x0800d255   Thumb Code    68  port.o(i.vPortEnterCritical)
    vPortExitCritical                        0x0800d2dd   Thumb Code    48  port.o(i.vPortExitCritical)
    vPortFree                                0x0800d34d   Thumb Code   120  heap_4.o(i.vPortFree)
    vPortSetupTimerInterrupt                 0x0800d405   Thumb Code    26  port.o(i.vPortSetupTimerInterrupt)
    vPortValidateInterruptPriority           0x0800d425   Thumb Code    86  port.o(i.vPortValidateInterruptPriority)
    vQueueAddToRegistry                      0x0800d4c5   Thumb Code    38  queue.o(i.vQueueAddToRegistry)
    vQueueWaitForMessageRestricted           0x0800d4f1   Thumb Code    74  queue.o(i.vQueueWaitForMessageRestricted)
    vTaskDelay                               0x0800d53d   Thumb Code    74  tasks.o(i.vTaskDelay)
    vTaskDelete                              0x0800d5b5   Thumb Code   192  tasks.o(i.vTaskDelete)
    vTaskMissedYield                         0x0800d6c1   Thumb Code     8  tasks.o(i.vTaskMissedYield)
    vTaskNotifyGiveFromISR                   0x0800d6cd   Thumb Code   196  tasks.o(i.vTaskNotifyGiveFromISR)
    vTaskPlaceOnEventList                    0x0800d7cd   Thumb Code    42  tasks.o(i.vTaskPlaceOnEventList)
    vTaskPlaceOnEventListRestricted          0x0800d821   Thumb Code    50  tasks.o(i.vTaskPlaceOnEventListRestricted)
    vTaskPriorityInherit                     0x0800d87d   Thumb Code   164  tasks.o(i.vTaskPriorityInherit)
    vTaskSetTimeOutState                     0x0800d92d   Thumb Code    32  tasks.o(i.vTaskSetTimeOutState)
    vTaskStartScheduler                      0x0800d979   Thumb Code   112  tasks.o(i.vTaskStartScheduler)
    vTaskSuspendAll                          0x0800da29   Thumb Code    12  tasks.o(i.vTaskSuspendAll)
    vTaskSwitchContext                       0x0800da39   Thumb Code   164  tasks.o(i.vTaskSwitchContext)
    xEventGroupClearBits                     0x0800db15   Thumb Code    72  event_groups.o(i.xEventGroupClearBits)
    xEventGroupCreate                        0x0800db89   Thumb Code    26  event_groups.o(i.xEventGroupCreate)
    xEventGroupSetBits                       0x0800dba5   Thumb Code   184  event_groups.o(i.xEventGroupSetBits)
    xPortStartScheduler                      0x0800dc89   Thumb Code   140  port.o(i.xPortStartScheduler)
    xPortSysTickHandler                      0x0800dd29   Thumb Code    46  port.o(i.xPortSysTickHandler)
    xQueueCreateMutex                        0x0800dd5d   Thumb Code    34  queue.o(i.xQueueCreateMutex)
    xQueueGenericCreate                      0x0800dd81   Thumb Code    78  queue.o(i.xQueueGenericCreate)
    xQueueGenericReceive                     0x0800ddf5   Thumb Code   422  queue.o(i.xQueueGenericReceive)
    xQueueGenericReset                       0x0800dfc5   Thumb Code   136  queue.o(i.xQueueGenericReset)
    xQueueGenericSend                        0x0800e075   Thumb Code   418  queue.o(i.xQueueGenericSend)
    xQueueGenericSendFromISR                 0x0800e241   Thumb Code   234  queue.o(i.xQueueGenericSendFromISR)
    xTaskCheckForTimeOut                     0x0800e351   Thumb Code   122  tasks.o(i.xTaskCheckForTimeOut)
    xTaskCreate                              0x0800e3f9   Thumb Code    96  tasks.o(i.xTaskCreate)
    xTaskGenericNotify                       0x0800e459   Thumb Code   222  tasks.o(i.xTaskGenericNotify)
    xTaskGetSchedulerState                   0x0800e56d   Thumb Code    24  tasks.o(i.xTaskGetSchedulerState)
    xTaskGetTickCount                        0x0800e58d   Thumb Code    18  tasks.o(i.xTaskGetTickCount)
    xTaskIncrementTick                       0x0800e5a5   Thumb Code   274  tasks.o(i.xTaskIncrementTick)
    xTaskPriorityDisinherit                  0x0800e709   Thumb Code   168  tasks.o(i.xTaskPriorityDisinherit)
    xTaskRemoveFromEventList                 0x0800e7e1   Thumb Code   118  tasks.o(i.xTaskRemoveFromEventList)
    xTaskRemoveFromUnorderedEventList        0x0800e895   Thumb Code   134  tasks.o(i.xTaskRemoveFromUnorderedEventList)
    xTaskResumeAll                           0x0800e955   Thumb Code   214  tasks.o(i.xTaskResumeAll)
    xTimerCreateTimerTask                    0x0800ea75   Thumb Code    56  timers.o(i.xTimerCreateTimerTask)
    xTimerGenericCommand                     0x0800eae9   Thumb Code   120  timers.o(i.xTimerGenericCommand)
    _get_lc_numeric                          0x0800eb8d   Thumb Code    44  lc_numeric_c.o(locale$$code)
    _get_lc_ctype                            0x0800ebb9   Thumb Code    44  lc_ctype_c.o(locale$$code)
    __aeabi_d2f                              0x0800ebe5   Thumb Code     0  d2f.o(x$fpl$d2f)
    _d2f                                     0x0800ebe5   Thumb Code    98  d2f.o(x$fpl$d2f)
    __aeabi_dadd                             0x0800ec49   Thumb Code     0  daddsub_clz.o(x$fpl$dadd)
    _dadd                                    0x0800ec49   Thumb Code   332  daddsub_clz.o(x$fpl$dadd)
    __fpl_dcmp_Inf                           0x0800ed99   Thumb Code    24  dcmpi.o(x$fpl$dcmpinf)
    __aeabi_ddiv                             0x0800edb1   Thumb Code     0  ddiv.o(x$fpl$ddiv)
    _ddiv                                    0x0800edb1   Thumb Code   552  ddiv.o(x$fpl$ddiv)
    __aeabi_d2iz                             0x0800f061   Thumb Code     0  dfix.o(x$fpl$dfix)
    _dfix                                    0x0800f061   Thumb Code    94  dfix.o(x$fpl$dfix)
    __aeabi_cdcmple                          0x0800f0c1   Thumb Code     0  dleqf.o(x$fpl$dleqf)
    _dcmple                                  0x0800f0c1   Thumb Code   120  dleqf.o(x$fpl$dleqf)
    __fpl_dcmple_InfNaN                      0x0800f123   Thumb Code     0  dleqf.o(x$fpl$dleqf)
    __aeabi_dmul                             0x0800f139   Thumb Code     0  dmul.o(x$fpl$dmul)
    _dmul                                    0x0800f139   Thumb Code   332  dmul.o(x$fpl$dmul)
    __fpl_dnaninf                            0x0800f28d   Thumb Code   156  dnaninf.o(x$fpl$dnaninf)
    __fpl_dretinf                            0x0800f329   Thumb Code    12  dretinf.o(x$fpl$dretinf)
    __aeabi_cdrcmple                         0x0800f335   Thumb Code     0  drleqf.o(x$fpl$drleqf)
    _drcmple                                 0x0800f335   Thumb Code   108  drleqf.o(x$fpl$drleqf)
    __aeabi_dsub                             0x0800f3a1   Thumb Code     0  daddsub_clz.o(x$fpl$dsub)
    _dsub                                    0x0800f3a1   Thumb Code   464  daddsub_clz.o(x$fpl$dsub)
    __aeabi_f2d                              0x0800f575   Thumb Code     0  f2d.o(x$fpl$f2d)
    _f2d                                     0x0800f575   Thumb Code    86  f2d.o(x$fpl$f2d)
    __aeabi_fadd                             0x0800f5cd   Thumb Code     0  faddsub_clz.o(x$fpl$fadd)
    _fadd                                    0x0800f5cd   Thumb Code   196  faddsub_clz.o(x$fpl$fadd)
    __aeabi_fdiv                             0x0800f691   Thumb Code     0  fdiv.o(x$fpl$fdiv)
    _fdiv                                    0x0800f691   Thumb Code   384  fdiv.o(x$fpl$fdiv)
    __aeabi_i2f                              0x0800f815   Thumb Code     0  fflt_clz.o(x$fpl$fflt)
    _fflt                                    0x0800f815   Thumb Code    48  fflt_clz.o(x$fpl$fflt)
    __aeabi_ui2f                             0x0800f845   Thumb Code     0  fflt_clz.o(x$fpl$ffltu)
    _ffltu                                   0x0800f845   Thumb Code    38  fflt_clz.o(x$fpl$ffltu)
    __aeabi_fmul                             0x0800f86d   Thumb Code     0  fmul.o(x$fpl$fmul)
    _fmul                                    0x0800f86d   Thumb Code   258  fmul.o(x$fpl$fmul)
    __fpl_fnaninf                            0x0800f96f   Thumb Code   140  fnaninf.o(x$fpl$fnaninf)
    __fpl_fretinf                            0x0800f9fb   Thumb Code    10  fretinf.o(x$fpl$fretinf)
    __aeabi_fsub                             0x0800fa05   Thumb Code     0  faddsub_clz.o(x$fpl$fsub)
    _fsub                                    0x0800fa05   Thumb Code   234  faddsub_clz.o(x$fpl$fsub)
    _printf_fp_dec                           0x0800faef   Thumb Code     4  printf1.o(x$fpl$printf1)
    __I$use$fp                               0x0800faf2   Number         0  usenofp.o(x$fpl$usenofp)
    table_week                               0x0800faf2   Data          12  rtc.o(.constdata)
    mon_table                                0x0800fafe   Data          12  rtc.o(.constdata)
    Region$$Table$$Base                      0x0800fd00   Number         0  anon$$obj.o(Region$$Table)
    Region$$Table$$Limit                     0x0800fd20   Number         0  anon$$obj.o(Region$$Table)
    __ctype                                  0x0800fd49   Data           0  lc_ctype_c.o(locale$$data)
    StartTask_Handler                        0x20000000   Data           4  main.o(.data)
    LEDTask_Handler                          0x20000004   Data           4  main.o(.data)
    StorageTask_Handler                      0x20000008   Data           4  main.o(.data)
    ElectricparamTask_Handler                0x2000000c   Data           4  main.o(.data)
    NetCommTask_Handler                      0x20000010   Data           4  main.o(.data)
    BackGround_Handler                       0x20000014   Data           4  main.o(.data)
    OTAupgrade_Handler                       0x20000018   Data           4  main.o(.data)
    SystemCoreClock                          0x2000001c   Data           4  system_stm32f10x.o(.data)
    AHBPrescTable                            0x20000020   Data          16  system_stm32f10x.o(.data)
    __stdout                                 0x20000048   Data           4  usart.o(.data)
    USART2_RX_NUM                            0x2000004c   Data           2  usart.o(.data)
    FreeRTOSRunTimeTicks                     0x20000058   Data           8  timer.o(.data)
    U16_RMSIAC_RegData                       0x20000060   Data           2  hlw8112.o(.data)
    U16_RMSIBC_RegData                       0x20000062   Data           2  hlw8112.o(.data)
    U16_RMSUC_RegData                        0x20000064   Data           2  hlw8112.o(.data)
    U16_PowerPAC_RegData                     0x20000066   Data           2  hlw8112.o(.data)
    U16_PowerPBC_RegData                     0x20000068   Data           2  hlw8112.o(.data)
    U16_PowerSC_RegData                      0x2000006a   Data           2  hlw8112.o(.data)
    U16_EnergyAC_RegData                     0x2000006c   Data           2  hlw8112.o(.data)
    U16_EnergyBC_RegData                     0x2000006e   Data           2  hlw8112.o(.data)
    U16_HFConst_RegData                      0x20000070   Data           2  hlw8112.o(.data)
    pxCurrentTCB                             0x20000074   Data           4  tasks.o(.data)
    gl_LampConfigObj                         0x200000e8   Data          60  cmddeal.o(.data)
    gl_recvSerialNo                          0x20000124   Data           4  cmddeal.o(.data)
    bgtasknum                                0x20000128   Data           4  background.o(.data)
    temp                                     0x2000012c   Data         100  otaupgradetask.o(.data)
    gl_IcapDevObj                            0x20000190   Data         146  main.o(.bss)
    USART2_RX_BUF                            0x20000222   Data          20  usart.o(.bss)
    calendar                                 0x20000236   Data          10  rtc.o(.bss)
    STMFLASH_BUF                             0x20000240   Data        1024  stmflash.o(.bss)
    g_oADCSearchObj                          0x20000640   Data          69  hlw8112.o(.bss)
    DMA_InitStructure                        0x20000688   Data          44  dma.o(.bss)
    ATOPEN                                   0x200006b4   Data          60  ec600m.o(.bss)
    gl_Ec600MObj                             0x200006f0   Data        1112  ec600m.o(.bss)
    xQueueRegistry                           0x20000b48   Data          64  queue.o(.bss)
    gl_CMDHeadObj                            0x20003e94   Data          23  cmddeal.o(.bss)
    gl_ConfigCmdObj                          0x20003eab   Data         179  cmddeal.o(.bss)
    gl_LampCtrlCmdObj                        0x20003f5e   Data          75  cmddeal.o(.bss)
    gl_LampStatusCmdObj                      0x20003fa9   Data          75  cmddeal.o(.bss)
    gl_RestoreCmdObj                         0x20003ff4   Data          75  cmddeal.o(.bss)
    gl_TimeSynchronCmdObj                    0x2000403f   Data          75  cmddeal.o(.bss)
    gl_CMDtaskObj                            0x2000408a   Data         717  netcommutask.o(.bss)
    BGtask_Txbuf                             0x20004357   Data         100  background.o(.bss)
    OTA_RX_Buf                               0x200043bb   Data         700  otaupgradetask.o(.bss)
    _random_number_data                      0x20004678   Data         228  rand.o(.bss)
    __libspace_start                         0x2000475c   Data          96  libspace.o(.bss)
    __temporary_stack_top$libspace           0x200047bc   Data           0  libspace.o(.bss)



==============================================================================

Memory Map of the image

  Image Entry point : 0x080028ed

  Load Region LR_IROM1 (Base: 0x08002800, Size: 0x0000d7dc, Max: 0x0001d800, ABSOLUTE, COMPRESSED[0x0000d6c8])

    Execution Region ER_IROM1 (Exec base: 0x08002800, Load base: 0x08002800, Size: 0x0000d64c, Max: 0x0001d800, ABSOLUTE)

    Exec Addr    Load Addr    Size         Type   Attr      Idx    E Section Name        Object

    0x08002800   0x08002800   0x000000ec   Data   RO          326    RESET               startup_stm32f10x_md.o
    0x080028ec   0x080028ec   0x00000008   Code   RO         5627  * !!!main             c_w.l(__main.o)
    0x080028f4   0x080028f4   0x00000034   Code   RO         5927    !!!scatter          c_w.l(__scatter.o)
    0x08002928   0x08002928   0x0000005a   Code   RO         5925    !!dczerorl2         c_w.l(__dczerorl2.o)
    0x08002982   0x08002982   0x00000002   PAD
    0x08002984   0x08002984   0x0000001c   Code   RO         5929    !!handler_zi        c_w.l(__scatter_zi.o)
    0x080029a0   0x080029a0   0x00000000   Code   RO         5593    .ARM.Collect$$_printf_percent$$00000000  c_w.l(_printf_percent.o)
    0x080029a0   0x080029a0   0x00000006   Code   RO         5592    .ARM.Collect$$_printf_percent$$00000003  c_w.l(_printf_f.o)
    0x080029a6   0x080029a6   0x00000006   Code   RO         5591    .ARM.Collect$$_printf_percent$$00000009  c_w.l(_printf_d.o)
    0x080029ac   0x080029ac   0x00000006   Code   RO         5590    .ARM.Collect$$_printf_percent$$0000000C  c_w.l(_printf_x.o)
    0x080029b2   0x080029b2   0x00000006   Code   RO         5589    .ARM.Collect$$_printf_percent$$00000014  c_w.l(_printf_s.o)
    0x080029b8   0x080029b8   0x00000004   Code   RO         5693    .ARM.Collect$$_printf_percent$$00000017  c_w.l(_printf_percent_end.o)
    0x080029bc   0x080029bc   0x00000002   Code   RO         5853    .ARM.Collect$$libinit$$00000000  c_w.l(libinit.o)
    0x080029be   0x080029be   0x00000000   Code   RO         5705    .ARM.Collect$$libinit$$00000002  c_w.l(libinit2.o)
    0x080029be   0x080029be   0x00000000   Code   RO         5707    .ARM.Collect$$libinit$$00000004  c_w.l(libinit2.o)
    0x080029be   0x080029be   0x00000000   Code   RO         5710    .ARM.Collect$$libinit$$0000000A  c_w.l(libinit2.o)
    0x080029be   0x080029be   0x00000000   Code   RO         5712    .ARM.Collect$$libinit$$0000000C  c_w.l(libinit2.o)
    0x080029be   0x080029be   0x00000004   Code   RO         5713    .ARM.Collect$$libinit$$0000000D  c_w.l(libinit2.o)
    0x080029c2   0x080029c2   0x00000000   Code   RO         5714    .ARM.Collect$$libinit$$0000000E  c_w.l(libinit2.o)
    0x080029c2   0x080029c2   0x00000006   Code   RO         5715    .ARM.Collect$$libinit$$0000000F  c_w.l(libinit2.o)
    0x080029c8   0x080029c8   0x00000000   Code   RO         5717    .ARM.Collect$$libinit$$00000011  c_w.l(libinit2.o)
    0x080029c8   0x080029c8   0x0000000c   Code   RO         5718    .ARM.Collect$$libinit$$00000012  c_w.l(libinit2.o)
    0x080029d4   0x080029d4   0x00000000   Code   RO         5719    .ARM.Collect$$libinit$$00000013  c_w.l(libinit2.o)
    0x080029d4   0x080029d4   0x00000000   Code   RO         5721    .ARM.Collect$$libinit$$00000015  c_w.l(libinit2.o)
    0x080029d4   0x080029d4   0x0000000a   Code   RO         5722    .ARM.Collect$$libinit$$00000016  c_w.l(libinit2.o)
    0x080029de   0x080029de   0x00000000   Code   RO         5723    .ARM.Collect$$libinit$$00000017  c_w.l(libinit2.o)
    0x080029de   0x080029de   0x00000000   Code   RO         5725    .ARM.Collect$$libinit$$00000019  c_w.l(libinit2.o)
    0x080029de   0x080029de   0x00000000   Code   RO         5727    .ARM.Collect$$libinit$$0000001B  c_w.l(libinit2.o)
    0x080029de   0x080029de   0x00000000   Code   RO         5729    .ARM.Collect$$libinit$$0000001D  c_w.l(libinit2.o)
    0x080029de   0x080029de   0x00000000   Code   RO         5731    .ARM.Collect$$libinit$$0000001F  c_w.l(libinit2.o)
    0x080029de   0x080029de   0x00000000   Code   RO         5733    .ARM.Collect$$libinit$$00000021  c_w.l(libinit2.o)
    0x080029de   0x080029de   0x00000000   Code   RO         5735    .ARM.Collect$$libinit$$00000023  c_w.l(libinit2.o)
    0x080029de   0x080029de   0x00000000   Code   RO         5737    .ARM.Collect$$libinit$$00000025  c_w.l(libinit2.o)
    0x080029de   0x080029de   0x00000000   Code   RO         5741    .ARM.Collect$$libinit$$0000002C  c_w.l(libinit2.o)
    0x080029de   0x080029de   0x00000000   Code   RO         5743    .ARM.Collect$$libinit$$0000002E  c_w.l(libinit2.o)
    0x080029de   0x080029de   0x00000000   Code   RO         5745    .ARM.Collect$$libinit$$00000030  c_w.l(libinit2.o)
    0x080029de   0x080029de   0x00000000   Code   RO         5747    .ARM.Collect$$libinit$$00000032  c_w.l(libinit2.o)
    0x080029de   0x080029de   0x00000002   Code   RO         5748    .ARM.Collect$$libinit$$00000033  c_w.l(libinit2.o)
    0x080029e0   0x080029e0   0x00000002   Code   RO         5884    .ARM.Collect$$libshutdown$$00000000  c_w.l(libshutdown.o)
    0x080029e2   0x080029e2   0x00000000   Code   RO         5890    .ARM.Collect$$libshutdown$$00000002  c_w.l(libshutdown2.o)
    0x080029e2   0x080029e2   0x00000000   Code   RO         5892    .ARM.Collect$$libshutdown$$00000004  c_w.l(libshutdown2.o)
    0x080029e2   0x080029e2   0x00000000   Code   RO         5894    .ARM.Collect$$libshutdown$$00000006  c_w.l(libshutdown2.o)
    0x080029e2   0x080029e2   0x00000000   Code   RO         5897    .ARM.Collect$$libshutdown$$00000009  c_w.l(libshutdown2.o)
    0x080029e2   0x080029e2   0x00000000   Code   RO         5900    .ARM.Collect$$libshutdown$$0000000C  c_w.l(libshutdown2.o)
    0x080029e2   0x080029e2   0x00000000   Code   RO         5902    .ARM.Collect$$libshutdown$$0000000E  c_w.l(libshutdown2.o)
    0x080029e2   0x080029e2   0x00000000   Code   RO         5905    .ARM.Collect$$libshutdown$$00000011  c_w.l(libshutdown2.o)
    0x080029e2   0x080029e2   0x00000002   Code   RO         5906    .ARM.Collect$$libshutdown$$00000012  c_w.l(libshutdown2.o)
    0x080029e4   0x080029e4   0x00000000   Code   RO         5675    .ARM.Collect$$rtentry$$00000000  c_w.l(__rtentry.o)
    0x080029e4   0x080029e4   0x00000000   Code   RO         5764    .ARM.Collect$$rtentry$$00000002  c_w.l(__rtentry2.o)
    0x080029e4   0x080029e4   0x00000006   Code   RO         5776    .ARM.Collect$$rtentry$$00000004  c_w.l(__rtentry4.o)
    0x080029ea   0x080029ea   0x00000000   Code   RO         5766    .ARM.Collect$$rtentry$$00000009  c_w.l(__rtentry2.o)
    0x080029ea   0x080029ea   0x00000004   Code   RO         5767    .ARM.Collect$$rtentry$$0000000A  c_w.l(__rtentry2.o)
    0x080029ee   0x080029ee   0x00000000   Code   RO         5769    .ARM.Collect$$rtentry$$0000000C  c_w.l(__rtentry2.o)
    0x080029ee   0x080029ee   0x00000008   Code   RO         5770    .ARM.Collect$$rtentry$$0000000D  c_w.l(__rtentry2.o)
    0x080029f6   0x080029f6   0x00000002   Code   RO         5856    .ARM.Collect$$rtexit$$00000000  c_w.l(rtexit.o)
    0x080029f8   0x080029f8   0x00000000   Code   RO         5866    .ARM.Collect$$rtexit$$00000002  c_w.l(rtexit2.o)
    0x080029f8   0x080029f8   0x00000004   Code   RO         5867    .ARM.Collect$$rtexit$$00000003  c_w.l(rtexit2.o)
    0x080029fc   0x080029fc   0x00000006   Code   RO         5868    .ARM.Collect$$rtexit$$00000004  c_w.l(rtexit2.o)
    0x08002a02   0x08002a02   0x00000002   PAD
    0x08002a04   0x08002a04   0x00000020   Code   RO          313    .emb_text           core_cm3.o
    0x08002a24   0x08002a24   0x00000096   Code   RO         5136    .emb_text           port.o
    0x08002aba   0x08002aba   0x00000002   PAD
    0x08002abc   0x08002abc   0x00000034   Code   RO         5600    .emb_text           c_w.l(rand.o)
    0x08002af0   0x08002af0   0x00000040   Code   RO          327    .text               startup_stm32f10x_md.o
    0x08002b30   0x08002b30   0x00000002   Code   RO         5530    .text               c_w.l(use_no_semi_2.o)
    0x08002b32   0x08002b32   0x00000002   PAD
    0x08002b34   0x08002b34   0x00000018   Code   RO         5536    .text               c_w.l(noretval__2printf.o)
    0x08002b4c   0x08002b4c   0x00000028   Code   RO         5538    .text               c_w.l(noretval__2sprintf.o)
    0x08002b74   0x08002b74   0x0000004e   Code   RO         5542    .text               c_w.l(_printf_pad.o)
    0x08002bc2   0x08002bc2   0x00000052   Code   RO         5544    .text               c_w.l(_printf_str.o)
    0x08002c14   0x08002c14   0x00000078   Code   RO         5546    .text               c_w.l(_printf_dec.o)
    0x08002c8c   0x08002c8c   0x00000058   Code   RO         5551    .text               c_w.l(_printf_hex_int.o)
    0x08002ce4   0x08002ce4   0x00000138   Code   RO         5581    .text               c_w.l(__printf_flags_wp.o)
    0x08002e1c   0x08002e1c   0x0000003c   Code   RO         5594    .text               c_w.l(__0sscanf.o)
    0x08002e58   0x08002e58   0x0000014c   Code   RO         5596    .text               c_w.l(_scanf_int.o)
    0x08002fa4   0x08002fa4   0x0000001a   Code   RO         5598    .text               c_w.l(atoi.o)
    0x08002fbe   0x08002fbe   0x00000002   PAD
    0x08002fc0   0x08002fc0   0x0000003c   Code   RO         5601    .text               c_w.l(rand.o)
    0x08002ffc   0x08002ffc   0x00000014   Code   RO         5605    .text               c_w.l(strchr.o)
    0x08003010   0x08003010   0x00000024   Code   RO         5607    .text               c_w.l(strstr.o)
    0x08003034   0x08003034   0x00000048   Code   RO         5609    .text               c_w.l(strcpy.o)
    0x0800307c   0x0800307c   0x0000003e   Code   RO         5611    .text               c_w.l(strlen.o)
    0x080030ba   0x080030ba   0x00000096   Code   RO         5613    .text               c_w.l(strncmp.o)
    0x08003150   0x08003150   0x0000008a   Code   RO         5615    .text               c_w.l(rt_memcpy_v6.o)
    0x080031da   0x080031da   0x00000010   Code   RO         5617    .text               c_w.l(aeabi_memset.o)
    0x080031ea   0x080031ea   0x00000044   Code   RO         5619    .text               c_w.l(rt_memclr.o)
    0x0800322e   0x0800322e   0x0000004e   Code   RO         5621    .text               c_w.l(rt_memclr_w.o)
    0x0800327c   0x0800327c   0x00000080   Code   RO         5623    .text               c_w.l(strcmpv7m.o)
    0x080032fc   0x080032fc   0x00000006   Code   RO         5625    .text               c_w.l(heapauxi.o)
    0x08003302   0x08003302   0x00000002   Code   RO         5673    .text               c_w.l(use_no_semi.o)
    0x08003304   0x08003304   0x00000008   Code   RO         5679    .text               c_w.l(rt_errno_addr_intlibspace.o)
    0x0800330c   0x0800330c   0x000000b2   Code   RO         5681    .text               c_w.l(_printf_intcommon.o)
    0x080033be   0x080033be   0x0000041e   Code   RO         5683    .text               c_w.l(_printf_fp_dec.o)
    0x080037dc   0x080037dc   0x00000030   Code   RO         5685    .text               c_w.l(_printf_char_common.o)
    0x0800380c   0x0800380c   0x0000000a   Code   RO         5687    .text               c_w.l(_sputc.o)
    0x08003816   0x08003816   0x0000002c   Code   RO         5689    .text               c_w.l(_printf_char.o)
    0x08003842   0x08003842   0x00000002   PAD
    0x08003844   0x08003844   0x00000024   Code   RO         5691    .text               c_w.l(_printf_char_file.o)
    0x08003868   0x08003868   0x0000001c   Code   RO         5694    .text               c_w.l(_chval.o)
    0x08003884   0x08003884   0x0000002c   Code   RO         5696    .text               c_w.l(scanf_char.o)
    0x080038b0   0x080038b0   0x00000040   Code   RO         5698    .text               c_w.l(_sgetc.o)
    0x080038f0   0x080038f0   0x00000070   Code   RO         5700    .text               c_w.l(strtol.o)
    0x08003960   0x08003960   0x00000064   Code   RO         5702    .text               c_w.l(rt_memcpy_w.o)
    0x080039c4   0x080039c4   0x00000008   Code   RO         5760    .text               c_w.l(libspace.o)
    0x080039cc   0x080039cc   0x00000010   Code   RO         5778    .text               c_w.l(rt_ctype_table.o)
    0x080039dc   0x080039dc   0x00000008   Code   RO         5783    .text               c_w.l(rt_locale_intlibspace.o)
    0x080039e4   0x080039e4   0x0000008a   Code   RO         5785    .text               c_w.l(lludiv10.o)
    0x08003a6e   0x08003a6e   0x00000012   Code   RO         5787    .text               c_w.l(isspace.o)
    0x08003a80   0x08003a80   0x00000080   Code   RO         5789    .text               c_w.l(_printf_fp_infnan.o)
    0x08003b00   0x08003b00   0x00000374   Code   RO         5793    .text               c_w.l(_scanf.o)
    0x08003e74   0x08003e74   0x0000009e   Code   RO         5795    .text               c_w.l(_strtoul.o)
    0x08003f12   0x08003f12   0x00000002   PAD
    0x08003f14   0x08003f14   0x000000e4   Code   RO         5797    .text               c_w.l(bigflt0.o)
    0x08003ff8   0x08003ff8   0x00000008   Code   RO         5822    .text               c_w.l(ferror.o)
    0x08004000   0x08004000   0x0000004a   Code   RO         5837    .text               c_w.l(sys_stackheap_outer.o)
    0x0800404a   0x0800404a   0x00000012   Code   RO         5842    .text               c_w.l(exit.o)
    0x0800405c   0x0800405c   0x0000003e   Code   RO         5800    CL$$btod_d2e        c_w.l(btod.o)
    0x0800409a   0x0800409a   0x00000046   Code   RO         5802    CL$$btod_d2e_denorm_low  c_w.l(btod.o)
    0x080040e0   0x080040e0   0x00000060   Code   RO         5801    CL$$btod_d2e_norm_op1  c_w.l(btod.o)
    0x08004140   0x08004140   0x00000338   Code   RO         5810    CL$$btod_div_common  c_w.l(btod.o)
    0x08004478   0x08004478   0x000000dc   Code   RO         5807    CL$$btod_e2e        c_w.l(btod.o)
    0x08004554   0x08004554   0x0000002a   Code   RO         5804    CL$$btod_ediv       c_w.l(btod.o)
    0x0800457e   0x0800457e   0x0000002a   Code   RO         5803    CL$$btod_emul       c_w.l(btod.o)
    0x080045a8   0x080045a8   0x00000244   Code   RO         5809    CL$$btod_mult_common  c_w.l(btod.o)
    0x080047ec   0x080047ec   0x00000016   Code   RO          399    i.ADC_Cmd           stm32f10x_adc.o
    0x08004802   0x08004802   0x00000002   PAD
    0x08004804   0x08004804   0x0000005c   Code   RO          401    i.ADC_DeInit        stm32f10x_adc.o
    0x08004860   0x08004860   0x00000014   Code   RO          407    i.ADC_GetCalibrationStatus  stm32f10x_adc.o
    0x08004874   0x08004874   0x00000008   Code   RO          408    i.ADC_GetConversionValue  stm32f10x_adc.o
    0x0800487c   0x0800487c   0x00000012   Code   RO          410    i.ADC_GetFlagStatus  stm32f10x_adc.o
    0x0800488e   0x0800488e   0x00000014   Code   RO          413    i.ADC_GetResetCalibrationStatus  stm32f10x_adc.o
    0x080048a2   0x080048a2   0x00000002   PAD
    0x080048a4   0x080048a4   0x00000050   Code   RO          417    i.ADC_Init          stm32f10x_adc.o
    0x080048f4   0x080048f4   0x000000b8   Code   RO          421    i.ADC_RegularChannelConfig  stm32f10x_adc.o
    0x080049ac   0x080049ac   0x0000000a   Code   RO          422    i.ADC_ResetCalibration  stm32f10x_adc.o
    0x080049b6   0x080049b6   0x00000016   Code   RO          424    i.ADC_SoftwareStartConvCmd  stm32f10x_adc.o
    0x080049cc   0x080049cc   0x0000000a   Code   RO          426    i.ADC_StartCalibration  stm32f10x_adc.o
    0x080049d6   0x080049d6   0x00000002   PAD
    0x080049d8   0x080049d8   0x00000024   Code   RO          428    i.ADC_TempSensorVrefintCmd  stm32f10x_adc.o
    0x080049fc   0x080049fc   0x0000001e   Code   RO         3476    i.AT24CXX_Clear     24cxx.o
    0x08004a1a   0x08004a1a   0x00000008   Code   RO         3477    i.AT24CXX_Init      24cxx.o
    0x08004a22   0x08004a22   0x00000022   Code   RO         3478    i.AT24CXX_Read      24cxx.o
    0x08004a44   0x08004a44   0x00000058   Code   RO         3480    i.AT24CXX_ReadOneByte  24cxx.o
    0x08004a9c   0x08004a9c   0x0000000e   Code   RO         3481    i.AT24CXX_ServiceFunc  24cxx.o
    0x08004aaa   0x08004aaa   0x00000024   Code   RO         3482    i.AT24CXX_Write     24cxx.o
    0x08004ace   0x08004ace   0x00000050   Code   RO         3484    i.AT24CXX_WriteOneByte  24cxx.o
    0x08004b1e   0x08004b1e   0x00000020   Code   RO         3703    i.AlarmRTCSet       rtc.o
    0x08004b3e   0x08004b3e   0x00000002   PAD
    0x08004b40   0x08004b40   0x000000a8   Code   RO         5393    i.BGtaskCmd         background.o
    0x08004be8   0x08004be8   0x00000010   Code   RO          617    i.BKP_DeInit        stm32f10x_bkp.o
    0x08004bf8   0x08004bf8   0x0000001c   Code   RO          622    i.BKP_ReadBackupRegister  stm32f10x_bkp.o
    0x08004c14   0x08004c14   0x0000001c   Code   RO          626    i.BKP_WriteBackupRegister  stm32f10x_bkp.o
    0x08004c30   0x08004c30   0x00000100   Code   RO         5394    i.BackGround_task   background.o
    0x08004d30   0x08004d30   0x00000004   Code   RO          234    i.BusFault_Handler  stm32f10x_it.o
    0x08004d34   0x08004d34   0x0000007a   Code   RO         4279    i.CRC16_MODBUS      crc.o
    0x08004dae   0x08004dae   0x00000092   Code   RO         5262    i.CmdDealResult     cmddeal.o
    0x08004e40   0x08004e40   0x00000042   Code   RO         5263    i.CmdResponse       cmddeal.o
    0x08004e82   0x08004e82   0x00000002   PAD
    0x08004e84   0x08004e84   0x00000018   Code   RO         3843    i.ConfigureTimeForRunTimeStats  timer.o
    0x08004e9c   0x08004e9c   0x00000018   Code   RO         1084    i.DMA_Cmd           stm32f10x_dma.o
    0x08004eb4   0x08004eb4   0x0000014c   Code   RO         1085    i.DMA_DeInit        stm32f10x_dma.o
    0x08005000   0x08005000   0x00000020   Code   RO         4134    i.DMA_Enable        dma.o
    0x08005020   0x08005020   0x00000008   Code   RO         1086    i.DMA_GetCurrDataCounter  stm32f10x_dma.o
    0x08005028   0x08005028   0x0000003c   Code   RO         1090    i.DMA_Init          stm32f10x_dma.o
    0x08005064   0x08005064   0x00000004   Code   RO         1091    i.DMA_SetCurrDataCounter  stm32f10x_dma.o
    0x08005068   0x08005068   0x00000002   Code   RO          235    i.DebugMon_Handler  stm32f10x_it.o
    0x0800506a   0x0800506a   0x00000002   PAD
    0x0800506c   0x0800506c   0x00000198   Code   RO         4161    i.EC600M_CloseSocket  ec600m.o
    0x08005204   0x08005204   0x00000148   Code   RO         4162    i.EC600M_GetCSQ     ec600m.o
    0x0800534c   0x0800534c   0x00000768   Code   RO         4163    i.EC600M_Init       ec600m.o
    0x08005ab4   0x08005ab4   0x00000254   Code   RO         4164    i.EC600M_OpenSocket  ec600m.o
    0x08005d08   0x08005d08   0x00000050   Code   RO         4165    i.EC600M_RUN        ec600m.o
    0x08005d58   0x08005d58   0x00000174   Code   RO         4166    i.EC600M_Receive    ec600m.o
    0x08005ecc   0x08005ecc   0x000001d4   Code   RO         4167    i.EC600M_Send       ec600m.o
    0x080060a0   0x080060a0   0x00000244   Code   RO         3485    i.EEPROM_Init       24cxx.o
    0x080062e4   0x080062e4   0x00000070   Code   RO         4324    i.EXTI15_10_IRQHandler  exti.o
    0x08006354   0x08006354   0x0000006c   Code   RO         4325    i.EXTIX_Init        exti.o
    0x080063c0   0x080063c0   0x0000000c   Code   RO         1155    i.EXTI_ClearITPendingBit  stm32f10x_exti.o
    0x080063cc   0x080063cc   0x00000028   Code   RO         1159    i.EXTI_GetITStatus  stm32f10x_exti.o
    0x080063f4   0x080063f4   0x00000094   Code   RO         1160    i.EXTI_Init         stm32f10x_exti.o
    0x08006488   0x08006488   0x00000308   Code   RO         3945    i.Electricparam_task  hlw8112.o
    0x08006790   0x08006790   0x0000004c   Code   RO         1213    i.FLASH_ErasePage   stm32f10x_flash.o
    0x080067dc   0x080067dc   0x00000034   Code   RO         1214    i.FLASH_GetBank1Status  stm32f10x_flash.o
    0x08006810   0x08006810   0x00000014   Code   RO         1223    i.FLASH_Lock        stm32f10x_flash.o
    0x08006824   0x08006824   0x00000040   Code   RO         1226    i.FLASH_ProgramHalfWord  stm32f10x_flash.o
    0x08006864   0x08006864   0x00000018   Code   RO         1231    i.FLASH_Unlock      stm32f10x_flash.o
    0x0800687c   0x0800687c   0x00000026   Code   RO         1235    i.FLASH_WaitForLastOperation  stm32f10x_flash.o
    0x080068a2   0x080068a2   0x00000002   PAD
    0x080068a4   0x080068a4   0x00000060   Code   RO         4168    i.GPIO_4G_Init      ec600m.o
    0x08006904   0x08006904   0x00000040   Code   RO         1505    i.GPIO_EXTILineConfig  stm32f10x_gpio.o
    0x08006944   0x08006944   0x00000116   Code   RO         1508    i.GPIO_Init         stm32f10x_gpio.o
    0x08006a5a   0x08006a5a   0x00000002   PAD
    0x08006a5c   0x08006a5c   0x00000090   Code   RO         1510    i.GPIO_PinRemapConfig  stm32f10x_gpio.o
    0x08006aec   0x08006aec   0x00000004   Code   RO         1515    i.GPIO_ResetBits    stm32f10x_gpio.o
    0x08006af0   0x08006af0   0x00000004   Code   RO         1516    i.GPIO_SetBits      stm32f10x_gpio.o
    0x08006af4   0x08006af4   0x000000a8   Code   RO         3946    i.GetCurData        hlw8112.o
    0x08006b9c   0x08006b9c   0x000000bc   Code   RO         3947    i.GetKwhData        hlw8112.o
    0x08006c58   0x08006c58   0x00000034   Code   RO            1    i.GetLockCode       main.o
    0x08006c8c   0x08006c8c   0x00000088   Code   RO         3655    i.Get_Temprate      tsensor.o
    0x08006d14   0x08006d14   0x00000034   Code   RO         3948    i.HC4052_Init       hlw8112.o
    0x08006d48   0x08006d48   0x00000034   Code   RO         3949    i.HC4052_Switch     hlw8112.o
    0x08006d7c   0x08006d7c   0x0000008c   Code   RO         3950    i.HLW8112Coefficient_Read  hlw8112.o
    0x08006e08   0x08006e08   0x00000040   Code   RO         3951    i.HLW8112Data_Read  hlw8112.o
    0x08006e48   0x08006e48   0x0000002c   Code   RO         3952    i.HLW8112ReadA      hlw8112.o
    0x08006e74   0x08006e74   0x0000002c   Code   RO         3953    i.HLW8112ReadB      hlw8112.o
    0x08006ea0   0x08006ea0   0x0000002e   Code   RO         3954    i.HLW8112_CapData   hlw8112.o
    0x08006ece   0x08006ece   0x00000002   PAD
    0x08006ed0   0x08006ed0   0x00000030   Code   RO         3955    i.HLW8112_Check     hlw8112.o
    0x08006f00   0x08006f00   0x0000001c   Code   RO         3956    i.HLW8112_CmdData_Read  hlw8112.o
    0x08006f1c   0x08006f1c   0x00000074   Code   RO         3957    i.HLW8112_CmdData_Write  hlw8112.o
    0x08006f90   0x08006f90   0x0000003a   Code   RO         3958    i.HLW8112_Init      hlw8112.o
    0x08006fca   0x08006fca   0x00000002   PAD
    0x08006fcc   0x08006fcc   0x0000003c   Code   RO         3959    i.HLW8112_Read_Coefficient  hlw8112.o
    0x08007008   0x08007008   0x00000044   Code   RO         3960    i.HLW8112_Read_CurrentA  hlw8112.o
    0x0800704c   0x0800704c   0x00000044   Code   RO         3961    i.HLW8112_Read_CurrentB  hlw8112.o
    0x08007090   0x08007090   0x000000c0   Code   RO         3962    i.HLW8112_Read_ENERGYA  hlw8112.o
    0x08007150   0x08007150   0x000000a4   Code   RO         3963    i.HLW8112_Read_ENERGYB  hlw8112.o
    0x080071f4   0x080071f4   0x00000064   Code   RO         3964    i.HLW8112_Read_Factor  hlw8112.o
    0x08007258   0x08007258   0x00000038   Code   RO         3965    i.HLW8112_Read_PowerA  hlw8112.o
    0x08007290   0x08007290   0x00000038   Code   RO         3966    i.HLW8112_Read_PowerB  hlw8112.o
    0x080072c8   0x080072c8   0x000000bc   Code   RO         3967    i.HLW8112_Read_Voltage  hlw8112.o
    0x08007384   0x08007384   0x00000088   Code   RO         3968    i.HLW8112_Uart2Read  hlw8112.o
    0x0800740c   0x0800740c   0x00000004   Code   RO          236    i.HardFault_Handler  stm32f10x_it.o
    0x08007410   0x08007410   0x000000c8   Code   RO         5264    i.Heart_Cmd         cmddeal.o
    0x080074d8   0x080074d8   0x0000006a   Code   RO         3486    i.HexArrayToStr     24cxx.o
    0x08007542   0x08007542   0x00000002   PAD
    0x08007544   0x08007544   0x00000050   Code   RO         3601    i.IIC_Ack           myiic.o
    0x08007594   0x08007594   0x00000034   Code   RO         3602    i.IIC_Init          myiic.o
    0x080075c8   0x080075c8   0x00000050   Code   RO         3603    i.IIC_NAck          myiic.o
    0x08007618   0x08007618   0x00000070   Code   RO         3604    i.IIC_Read_Byte     myiic.o
    0x08007688   0x08007688   0x00000074   Code   RO         3605    i.IIC_Send_Byte     myiic.o
    0x080076fc   0x080076fc   0x0000004c   Code   RO         3606    i.IIC_Start         myiic.o
    0x08007748   0x08007748   0x0000004c   Code   RO         3607    i.IIC_Stop          myiic.o
    0x08007794   0x08007794   0x00000064   Code   RO         3608    i.IIC_Wait_Ack      myiic.o
    0x080077f8   0x080077f8   0x00000010   Code   RO         1820    i.IWDG_Enable       stm32f10x_iwdg.o
    0x08007808   0x08007808   0x00000008   Code   RO         4306    i.IWDG_Feed         wdg.o
    0x08007810   0x08007810   0x00000020   Code   RO         4307    i.IWDG_Init         wdg.o
    0x08007830   0x08007830   0x00000010   Code   RO         1822    i.IWDG_ReloadCounter  stm32f10x_iwdg.o
    0x08007840   0x08007840   0x0000000c   Code   RO         1823    i.IWDG_SetPrescaler  stm32f10x_iwdg.o
    0x0800784c   0x0800784c   0x0000000c   Code   RO         1824    i.IWDG_SetReload    stm32f10x_iwdg.o
    0x08007858   0x08007858   0x0000000c   Code   RO         1825    i.IWDG_WriteAccessCmd  stm32f10x_iwdg.o
    0x08007864   0x08007864   0x000000c0   Code   RO         3969    i.Init_HLW8112      hlw8112.o
    0x08007924   0x08007924   0x0000002a   Code   RO         4280    i.InvertUint16      crc.o
    0x0800794e   0x0800794e   0x0000002a   Code   RO         4281    i.InvertUint8       crc.o
    0x08007978   0x08007978   0x0000003a   Code   RO         3704    i.Is_Leap_Year      rtc.o
    0x080079b2   0x080079b2   0x00000002   PAD
    0x080079b4   0x080079b4   0x00000038   Code   RO         3691    i.LED_Init          led.o
    0x080079ec   0x080079ec   0x000000d8   Code   RO         4113    i.LampControl       relay.o
    0x08007ac4   0x08007ac4   0x000007c8   Code   RO         5265    i.LampStatusQueryResult  cmddeal.o
    0x0800828c   0x0800828c   0x00000004   Code   RO          237    i.MemManage_Handler  stm32f10x_it.o
    0x08008290   0x08008290   0x00000002   Code   RO          238    i.NMI_Handler       stm32f10x_it.o
    0x08008292   0x08008292   0x00000002   PAD
    0x08008294   0x08008294   0x00000070   Code   RO          331    i.NVIC_Init         misc.o
    0x08008304   0x08008304   0x00000014   Code   RO          332    i.NVIC_PriorityGroupConfig  misc.o
    0x08008318   0x08008318   0x00000270   Code   RO         5345    i.NetComm_task      netcommutask.o
    0x08008588   0x08008588   0x00000200   Code   RO         5418    i.OTA_GETdata_create  otaupgradetask.o
    0x08008788   0x08008788   0x00000238   Code   RO         5419    i.OTA_GETdata_recv  otaupgradetask.o
    0x080089c0   0x080089c0   0x00000158   Code   RO         5420    i.OTAupgrade_task   otaupgradetask.o
    0x08008b18   0x08008b18   0x00000034   Code   RO         3844    i.PWM_Servicefunc   timer.o
    0x08008b4c   0x08008b4c   0x0000000c   Code   RO         1862    i.PWR_BackupAccessCmd  stm32f10x_pwr.o
    0x08008b58   0x08008b58   0x00000048   Code   RO         4169    i.PackATOPEN        ec600m.o
    0x08008ba0   0x08008ba0   0x0000003c   Code   RO         5266    i.PackAddStringParam  cmddeal.o
    0x08008bdc   0x08008bdc   0x00000022   Code   RO         5267    i.PackMsgCrc        cmddeal.o
    0x08008bfe   0x08008bfe   0x00000002   PAD
    0x08008c00   0x08008c00   0x00000050   Code   RO         5268    i.PackMsgHead       cmddeal.o
    0x08008c50   0x08008c50   0x000000a8   Code   RO         5422    i.ParseStringValue  otaupgradetask.o
    0x08008cf8   0x08008cf8   0x00000018   Code   RO         1922    i.RCC_ADCCLKConfig  stm32f10x_rcc.o
    0x08008d10   0x08008d10   0x00000020   Code   RO         1923    i.RCC_AHBPeriphClockCmd  stm32f10x_rcc.o
    0x08008d30   0x08008d30   0x00000020   Code   RO         1924    i.RCC_APB1PeriphClockCmd  stm32f10x_rcc.o
    0x08008d50   0x08008d50   0x00000020   Code   RO         1926    i.RCC_APB2PeriphClockCmd  stm32f10x_rcc.o
    0x08008d70   0x08008d70   0x00000020   Code   RO         1927    i.RCC_APB2PeriphResetCmd  stm32f10x_rcc.o
    0x08008d90   0x08008d90   0x0000000c   Code   RO         1929    i.RCC_BackupResetCmd  stm32f10x_rcc.o
    0x08008d9c   0x08008d9c   0x000000d4   Code   RO         1934    i.RCC_GetClocksFreq  stm32f10x_rcc.o
    0x08008e70   0x08008e70   0x0000003c   Code   RO         1935    i.RCC_GetFlagStatus  stm32f10x_rcc.o
    0x08008eac   0x08008eac   0x00000034   Code   RO         1942    i.RCC_LSEConfig     stm32f10x_rcc.o
    0x08008ee0   0x08008ee0   0x0000000c   Code   RO         1949    i.RCC_RTCCLKCmd     stm32f10x_rcc.o
    0x08008eec   0x08008eec   0x00000010   Code   RO         1950    i.RCC_RTCCLKConfig  stm32f10x_rcc.o
    0x08008efc   0x08008efc   0x00000096   Code   RO         3705    i.RTCSetTime        rtc.o
    0x08008f92   0x08008f92   0x00000028   Code   RO         3706    i.RTC_ALRIntEnable  rtc.o
    0x08008fba   0x08008fba   0x00000002   PAD
    0x08008fbc   0x08008fbc   0x000000e8   Code   RO         3708    i.RTC_Calculate     rtc.o
    0x080090a4   0x080090a4   0x00000010   Code   RO         2123    i.RTC_ClearITPendingBit  stm32f10x_rtc.o
    0x080090b4   0x080090b4   0x00000014   Code   RO         2124    i.RTC_EnterConfigMode  stm32f10x_rtc.o
    0x080090c8   0x080090c8   0x00000014   Code   RO         2125    i.RTC_ExitConfigMode  stm32f10x_rtc.o
    0x080090dc   0x080090dc   0x00000100   Code   RO         3709    i.RTC_Get           rtc.o
    0x080091dc   0x080091dc   0x00000014   Code   RO         2126    i.RTC_GetCounter    stm32f10x_rtc.o
    0x080091f0   0x080091f0   0x00000024   Code   RO         2129    i.RTC_GetITStatus   stm32f10x_rtc.o
    0x08009214   0x08009214   0x00000078   Code   RO         3710    i.RTC_Get_Week      rtc.o
    0x0800928c   0x0800928c   0x00000098   Code   RO         3711    i.RTC_IRQHandler    rtc.o
    0x08009324   0x08009324   0x00000020   Code   RO         2130    i.RTC_ITConfig      stm32f10x_rtc.o
    0x08009344   0x08009344   0x00000022   Code   RO         3712    i.RTC_NVIC_Config   rtc.o
    0x08009366   0x08009366   0x00000002   PAD
    0x08009368   0x08009368   0x000000c8   Code   RO         3713    i.RTC_Set           rtc.o
    0x08009430   0x08009430   0x0000001c   Code   RO         2131    i.RTC_SetAlarm      stm32f10x_rtc.o
    0x0800944c   0x0800944c   0x0000001c   Code   RO         2132    i.RTC_SetCounter    stm32f10x_rtc.o
    0x08009468   0x08009468   0x00000020   Code   RO         2133    i.RTC_SetPrescaler  stm32f10x_rtc.o
    0x08009488   0x08009488   0x00000014   Code   RO         2134    i.RTC_WaitForLastTask  stm32f10x_rtc.o
    0x0800949c   0x0800949c   0x00000024   Code   RO         2135    i.RTC_WaitForSynchro  stm32f10x_rtc.o
    0x080094c0   0x080094c0   0x000000bc   Code   RO         3714    i.RTC_init          rtc.o
    0x0800957c   0x0800957c   0x0000001c   Code   RO         5269    i.Randnumget        cmddeal.o
    0x08009598   0x08009598   0x00000060   Code   RO         4114    i.RelayControl_Init  relay.o
    0x080095f8   0x080095f8   0x00000022   Code   RO         3796    i.STMFLASH_Read     stmflash.o
    0x0800961a   0x0800961a   0x00000006   Code   RO         3797    i.STMFLASH_ReadHalfWord  stmflash.o
    0x08009620   0x08009620   0x000000e8   Code   RO         3798    i.STMFLASH_Write    stmflash.o
    0x08009708   0x08009708   0x00000026   Code   RO         3799    i.STMFLASH_Write_NoCheck  stmflash.o
    0x0800972e   0x0800972e   0x00000008   Code   RO          279    i.SetSysClock       system_stm32f10x.o
    0x08009736   0x08009736   0x00000002   PAD
    0x08009738   0x08009738   0x000000e0   Code   RO          280    i.SetSysClockTo72   system_stm32f10x.o
    0x08009818   0x08009818   0x000000fc   Code   RO         5270    i.Signin_Cmd        cmddeal.o
    0x08009914   0x08009914   0x00000048   Code   RO         5367    i.SoftReset         storagetask.o
    0x0800995c   0x0800995c   0x0000014c   Code   RO         5368    i.Storage_task      storagetask.o
    0x08009aa8   0x08009aa8   0x0000006c   Code   RO         3487    i.StrToHexArray     24cxx.o
    0x08009b14   0x08009b14   0x00000028   Code   RO          335    i.SysTick_CLKSourceConfig  misc.o
    0x08009b3c   0x08009b3c   0x00000010   Code   RO         3324    i.SysTick_Handler   delay.o
    0x08009b4c   0x08009b4c   0x00000060   Code   RO          282    i.SystemInit        system_stm32f10x.o
    0x08009bac   0x08009bac   0x00000030   Code   RO         3845    i.TIM2_IRQHandler   timer.o
    0x08009bdc   0x08009bdc   0x0000005c   Code   RO         3846    i.TIM2_Int_Init     timer.o
    0x08009c38   0x08009c38   0x0000001c   Code   RO         3847    i.TIM3_IRQHandler   timer.o
    0x08009c54   0x08009c54   0x000000bc   Code   RO         3849    i.TIM3_PWM_Init     timer.o
    0x08009d10   0x08009d10   0x00000006   Code   RO         2553    i.TIM_ClearITPendingBit  stm32f10x_tim.o
    0x08009d16   0x08009d16   0x00000018   Code   RO         2558    i.TIM_Cmd           stm32f10x_tim.o
    0x08009d2e   0x08009d2e   0x00000022   Code   RO         2579    i.TIM_GetITStatus   stm32f10x_tim.o
    0x08009d50   0x08009d50   0x00000012   Code   RO         2583    i.TIM_ITConfig      stm32f10x_tim.o
    0x08009d62   0x08009d62   0x00000002   PAD
    0x08009d64   0x08009d64   0x00000098   Code   RO         2587    i.TIM_OC1Init       stm32f10x_tim.o
    0x08009dfc   0x08009dfc   0x00000012   Code   RO         2590    i.TIM_OC1PreloadConfig  stm32f10x_tim.o
    0x08009e0e   0x08009e0e   0x00000002   PAD
    0x08009e10   0x08009e10   0x000000a4   Code   RO         2592    i.TIM_OC2Init       stm32f10x_tim.o
    0x08009eb4   0x08009eb4   0x0000001a   Code   RO         2595    i.TIM_OC2PreloadConfig  stm32f10x_tim.o
    0x08009ece   0x08009ece   0x00000004   Code   RO         2619    i.TIM_SetCompare1   stm32f10x_tim.o
    0x08009ed2   0x08009ed2   0x00000004   Code   RO         2620    i.TIM_SetCompare2   stm32f10x_tim.o
    0x08009ed6   0x08009ed6   0x00000002   PAD
    0x08009ed8   0x08009ed8   0x000000a4   Code   RO         2629    i.TIM_TimeBaseInit  stm32f10x_tim.o
    0x08009f7c   0x08009f7c   0x0000007c   Code   RO         3656    i.T_Adc_Init        tsensor.o
    0x08009ff8   0x08009ff8   0x00000034   Code   RO         3657    i.T_Get_Adc         tsensor.o
    0x0800a02c   0x0800a02c   0x0000002e   Code   RO         3658    i.T_Get_Adc_Average  tsensor.o
    0x0800a05a   0x0800a05a   0x00000002   PAD
    0x0800a05c   0x0800a05c   0x00000084   Code   RO         3404    i.USART1_IRQHandler  usart.o
    0x0800a0e0   0x0800a0e0   0x00000034   Code   RO         3405    i.USART2_IRQHandler  usart.o
    0x0800a114   0x0800a114   0x00000018   Code   RO         3094    i.USART_Cmd         stm32f10x_usart.o
    0x0800a12c   0x0800a12c   0x00000012   Code   RO         3095    i.USART_DMACmd      stm32f10x_usart.o
    0x0800a13e   0x0800a13e   0x0000001a   Code   RO         3097    i.USART_GetFlagStatus  stm32f10x_usart.o
    0x0800a158   0x0800a158   0x00000054   Code   RO         3098    i.USART_GetITStatus  stm32f10x_usart.o
    0x0800a1ac   0x0800a1ac   0x0000004a   Code   RO         3100    i.USART_ITConfig    stm32f10x_usart.o
    0x0800a1f6   0x0800a1f6   0x00000002   PAD
    0x0800a1f8   0x0800a1f8   0x000000d8   Code   RO         3101    i.USART_Init        stm32f10x_usart.o
    0x0800a2d0   0x0800a2d0   0x0000000a   Code   RO         3108    i.USART_ReceiveData  stm32f10x_usart.o
    0x0800a2da   0x0800a2da   0x0000001e   Code   RO         3406    i.USART_SendByte    usart.o
    0x0800a2f8   0x0800a2f8   0x00000008   Code   RO         3111    i.USART_SendData    stm32f10x_usart.o
    0x0800a300   0x0800a300   0x00000054   Code   RO         4135    i.UartRxDMA1_Config  dma.o
    0x0800a354   0x0800a354   0x00000054   Code   RO         4136    i.UartTxDMA1_Config  dma.o
    0x0800a3a8   0x0800a3a8   0x00000ef8   Code   RO         5271    i.UnPackCmdParam    cmddeal.o
    0x0800b2a0   0x0800b2a0   0x00000046   Code   RO         5272    i.UnPackStringParam  cmddeal.o
    0x0800b2e6   0x0800b2e6   0x00000004   Code   RO          239    i.UsageFault_Handler  stm32f10x_it.o
    0x0800b2ea   0x0800b2ea   0x00000028   Code   RO         5835    i.__ARM_fpclassify  m_ws.l(fpclassify.o)
    0x0800b312   0x0800b312   0x0000000e   Code   RO         5579    i._is_digit         c_w.l(__printf_wp.o)
    0x0800b320   0x0800b320   0x00000004   Code   RO         3407    i._sys_exit         usart.o
    0x0800b324   0x0800b324   0x0000001c   Code   RO         4171    i.clear_RXBuffer    ec600m.o
    0x0800b340   0x0800b340   0x00000014   Code   RO         4172    i.clear_TXBuffer    ec600m.o
    0x0800b354   0x0800b354   0x0000005c   Code   RO         3325    i.delay_init        delay.o
    0x0800b3b0   0x0800b3b0   0x00000044   Code   RO         3326    i.delay_ms          delay.o
    0x0800b3f4   0x0800b3f4   0x00000048   Code   RO         3327    i.delay_us          delay.o
    0x0800b43c   0x0800b43c   0x00000024   Code   RO         3408    i.fputc             usart.o
    0x0800b460   0x0800b460   0x0000062c   Code   RO         5423    i.getUpdateFile     otaupgradetask.o
    0x0800ba8c   0x0800ba8c   0x00000084   Code   RO         5424    i.getUpdatePath     otaupgradetask.o
    0x0800bb10   0x0800bb10   0x00000038   Code   RO         5425    i.http_check_result  otaupgradetask.o
    0x0800bb48   0x0800bb48   0x00000088   Code   RO         5426    i.http_file_size    otaupgradetask.o
    0x0800bbd0   0x0800bbd0   0x000000f8   Code   RO         5427    i.http_get          otaupgradetask.o
    0x0800bcc8   0x0800bcc8   0x0000008c   Code   RO         5428    i.http_parse_result  otaupgradetask.o
    0x0800bd54   0x0800bd54   0x000000e4   Code   RO         5429    i.http_parse_url    otaupgradetask.o
    0x0800be38   0x0800be38   0x00000010   Code   RO         5430    i.http_tcpclient_close  otaupgradetask.o
    0x0800be48   0x0800be48   0x0000003c   Code   RO         5431    i.http_tcpclient_create  otaupgradetask.o
    0x0800be84   0x0800be84   0x00000038   Code   RO         5432    i.http_tcpclient_recv  otaupgradetask.o
    0x0800bebc   0x0800bebc   0x000000ac   Code   RO         5433    i.http_tcpclient_send  otaupgradetask.o
    0x0800bf68   0x0800bf68   0x00000024   Code   RO            2    i.led_task          main.o
    0x0800bf8c   0x0800bf8c   0x00000108   Code   RO            3    i.main              main.o
    0x0800c094   0x0800c094   0x000000a0   Code   RO         4680    i.prvAddCurrentTaskToDelayedList  tasks.o
    0x0800c134   0x0800c134   0x000000b4   Code   RO         4681    i.prvAddNewTaskToReadyList  tasks.o
    0x0800c1e8   0x0800c1e8   0x00000064   Code   RO         5006    i.prvCheckForValidListAndQueue  timers.o
    0x0800c24c   0x0800c24c   0x00000064   Code   RO         4682    i.prvCheckTasksWaitingTermination  tasks.o
    0x0800c2b0   0x0800c2b0   0x0000002a   Code   RO         4468    i.prvCopyDataFromQueue  queue.o
    0x0800c2da   0x0800c2da   0x0000007c   Code   RO         4469    i.prvCopyDataToQueue  queue.o
    0x0800c356   0x0800c356   0x00000012   Code   RO         4683    i.prvDeleteTCB      tasks.o
    0x0800c368   0x0800c368   0x00000028   Code   RO         5007    i.prvGetNextExpireTime  timers.o
    0x0800c390   0x0800c390   0x0000007c   Code   RO         5213    i.prvHeapInit       heap_4.o
    0x0800c40c   0x0800c40c   0x00000008   Code   RO         4684    i.prvIdleTask       tasks.o
    0x0800c414   0x0800c414   0x0000001c   Code   RO         4470    i.prvInitialiseMutex  queue.o
    0x0800c430   0x0800c430   0x0000002a   Code   RO         4471    i.prvInitialiseNewQueue  queue.o
    0x0800c45a   0x0800c45a   0x00000002   PAD
    0x0800c45c   0x0800c45c   0x000000d0   Code   RO         4685    i.prvInitialiseNewTask  tasks.o
    0x0800c52c   0x0800c52c   0x00000068   Code   RO         4686    i.prvInitialiseTaskLists  tasks.o
    0x0800c594   0x0800c594   0x00000068   Code   RO         5214    i.prvInsertBlockIntoFreeList  heap_4.o
    0x0800c5fc   0x0800c5fc   0x0000005c   Code   RO         5009    i.prvInsertTimerInActiveList  timers.o
    0x0800c658   0x0800c658   0x0000001a   Code   RO         4472    i.prvIsQueueEmpty   queue.o
    0x0800c672   0x0800c672   0x0000001e   Code   RO         4473    i.prvIsQueueFull    queue.o
    0x0800c690   0x0800c690   0x000000a0   Code   RO         4474    i.prvNotifyQueueSetContainer  queue.o
    0x0800c730   0x0800c730   0x00000084   Code   RO         5010    i.prvProcessExpiredTimer  timers.o
    0x0800c7b4   0x0800c7b4   0x0000013c   Code   RO         5011    i.prvProcessReceivedCommands  timers.o
    0x0800c8f0   0x0800c8f0   0x00000074   Code   RO         5012    i.prvProcessTimerOrBlockTask  timers.o
    0x0800c964   0x0800c964   0x00000034   Code   RO         4687    i.prvResetNextTaskUnblockTime  tasks.o
    0x0800c998   0x0800c998   0x0000002c   Code   RO         5013    i.prvSampleTimeNow  timers.o
    0x0800c9c4   0x0800c9c4   0x000000c0   Code   RO         5014    i.prvSwitchTimerLists  timers.o
    0x0800ca84   0x0800ca84   0x00000070   Code   RO         5137    i.prvTaskExitError  port.o
    0x0800caf4   0x0800caf4   0x0000001a   Code   RO         5015    i.prvTimerTask      timers.o
    0x0800cb0e   0x0800cb0e   0x00000092   Code   RO         4475    i.prvUnlockQueue    queue.o
    0x0800cba0   0x0800cba0   0x0000015c   Code   RO         5215    i.pvPortMalloc      heap_4.o
    0x0800ccfc   0x0800ccfc   0x00000020   Code   RO         4690    i.pvTaskIncrementMutexHeldCount  tasks.o
    0x0800cd1c   0x0800cd1c   0x00000024   Code   RO         5138    i.pxPortInitialiseStack  port.o
    0x0800cd40   0x0800cd40   0x0000006c   Code   RO         4173    i.reset             ec600m.o
    0x0800cdac   0x0800cdac   0x00000164   Code   RO            4    i.start_task        main.o
    0x0800cf10   0x0800cf10   0x000000b0   Code   RO         3409    i.uart2_init        usart.o
    0x0800cfc0   0x0800cfc0   0x0000009c   Code   RO         3410    i.uart3_init        usart.o
    0x0800d05c   0x0800d05c   0x000000e4   Code   RO         3411    i.uart_init         usart.o
    0x0800d140   0x0800d140   0x00000078   Code   RO         4691    i.ulTaskNotifyTake  tasks.o
    0x0800d1b8   0x0800d1b8   0x00000028   Code   RO         4431    i.uxListRemove      list.o
    0x0800d1e0   0x0800d1e0   0x00000002   Code   RO            5    i.vApplicationMallocFailedHook  main.o
    0x0800d1e2   0x0800d1e2   0x00000002   Code   RO            6    i.vApplicationStackOverflowHook  main.o
    0x0800d1e4   0x0800d1e4   0x0000001a   Code   RO         4432    i.vListInitialise   list.o
    0x0800d1fe   0x0800d1fe   0x00000006   Code   RO         4433    i.vListInitialiseItem  list.o
    0x0800d204   0x0800d204   0x00000038   Code   RO         4434    i.vListInsert       list.o
    0x0800d23c   0x0800d23c   0x00000018   Code   RO         4435    i.vListInsertEnd    list.o
    0x0800d254   0x0800d254   0x00000088   Code   RO         5140    i.vPortEnterCritical  port.o
    0x0800d2dc   0x0800d2dc   0x00000070   Code   RO         5141    i.vPortExitCritical  port.o
    0x0800d34c   0x0800d34c   0x000000b8   Code   RO         5216    i.vPortFree         heap_4.o
    0x0800d404   0x0800d404   0x00000020   Code   RO         5142    i.vPortSetupTimerInterrupt  port.o
    0x0800d424   0x0800d424   0x000000a0   Code   RO         5143    i.vPortValidateInterruptPriority  port.o
    0x0800d4c4   0x0800d4c4   0x0000002c   Code   RO         4479    i.vQueueAddToRegistry  queue.o
    0x0800d4f0   0x0800d4f0   0x0000004a   Code   RO         4482    i.vQueueWaitForMessageRestricted  queue.o
    0x0800d53a   0x0800d53a   0x00000002   PAD
    0x0800d53c   0x0800d53c   0x00000078   Code   RO         4696    i.vTaskDelay        tasks.o
    0x0800d5b4   0x0800d5b4   0x0000010c   Code   RO         4698    i.vTaskDelete       tasks.o
    0x0800d6c0   0x0800d6c0   0x0000000c   Code   RO         4700    i.vTaskMissedYield  tasks.o
    0x0800d6cc   0x0800d6cc   0x00000100   Code   RO         4701    i.vTaskNotifyGiveFromISR  tasks.o
    0x0800d7cc   0x0800d7cc   0x00000054   Code   RO         4702    i.vTaskPlaceOnEventList  tasks.o
    0x0800d820   0x0800d820   0x0000005c   Code   RO         4703    i.vTaskPlaceOnEventListRestricted  tasks.o
    0x0800d87c   0x0800d87c   0x000000b0   Code   RO         4705    i.vTaskPriorityInherit  tasks.o
    0x0800d92c   0x0800d92c   0x0000004c   Code   RO         4708    i.vTaskSetTimeOutState  tasks.o
    0x0800d978   0x0800d978   0x000000b0   Code   RO         4709    i.vTaskStartScheduler  tasks.o
    0x0800da28   0x0800da28   0x00000010   Code   RO         4711    i.vTaskSuspendAll   tasks.o
    0x0800da38   0x0800da38   0x000000dc   Code   RO         4712    i.vTaskSwitchContext  tasks.o
    0x0800db14   0x0800db14   0x00000074   Code   RO         4355    i.xEventGroupClearBits  event_groups.o
    0x0800db88   0x0800db88   0x0000001a   Code   RO         4356    i.xEventGroupCreate  event_groups.o
    0x0800dba2   0x0800dba2   0x00000002   PAD
    0x0800dba4   0x0800dba4   0x000000e4   Code   RO         4358    i.xEventGroupSetBits  event_groups.o
    0x0800dc88   0x0800dc88   0x000000a0   Code   RO         5144    i.xPortStartScheduler  port.o
    0x0800dd28   0x0800dd28   0x00000034   Code   RO         5145    i.xPortSysTickHandler  port.o
    0x0800dd5c   0x0800dd5c   0x00000022   Code   RO         4485    i.xQueueCreateMutex  queue.o
    0x0800dd7e   0x0800dd7e   0x00000002   PAD
    0x0800dd80   0x0800dd80   0x00000074   Code   RO         4487    i.xQueueGenericCreate  queue.o
    0x0800ddf4   0x0800ddf4   0x000001d0   Code   RO         4488    i.xQueueGenericReceive  queue.o
    0x0800dfc4   0x0800dfc4   0x000000b0   Code   RO         4489    i.xQueueGenericReset  queue.o
    0x0800e074   0x0800e074   0x000001cc   Code   RO         4490    i.xQueueGenericSend  queue.o
    0x0800e240   0x0800e240   0x00000110   Code   RO         4491    i.xQueueGenericSendFromISR  queue.o
    0x0800e350   0x0800e350   0x000000a8   Code   RO         4713    i.xTaskCheckForTimeOut  tasks.o
    0x0800e3f8   0x0800e3f8   0x00000060   Code   RO         4714    i.xTaskCreate       tasks.o
    0x0800e458   0x0800e458   0x00000114   Code   RO         4715    i.xTaskGenericNotify  tasks.o
    0x0800e56c   0x0800e56c   0x00000020   Code   RO         4719    i.xTaskGetSchedulerState  tasks.o
    0x0800e58c   0x0800e58c   0x00000018   Code   RO         4720    i.xTaskGetTickCount  tasks.o
    0x0800e5a4   0x0800e5a4   0x00000164   Code   RO         4722    i.xTaskIncrementTick  tasks.o
    0x0800e708   0x0800e708   0x000000d8   Code   RO         4725    i.xTaskPriorityDisinherit  tasks.o
    0x0800e7e0   0x0800e7e0   0x000000b4   Code   RO         4726    i.xTaskRemoveFromEventList  tasks.o
    0x0800e894   0x0800e894   0x000000c0   Code   RO         4727    i.xTaskRemoveFromUnorderedEventList  tasks.o
    0x0800e954   0x0800e954   0x00000120   Code   RO         4728    i.xTaskResumeAll    tasks.o
    0x0800ea74   0x0800ea74   0x00000074   Code   RO         5019    i.xTimerCreateTimerTask  timers.o
    0x0800eae8   0x0800eae8   0x000000a4   Code   RO         5020    i.xTimerGenericCommand  timers.o
    0x0800eb8c   0x0800eb8c   0x0000002c   Code   RO         5827    locale$$code        c_w.l(lc_numeric_c.o)
    0x0800ebb8   0x0800ebb8   0x0000002c   Code   RO         5840    locale$$code        c_w.l(lc_ctype_c.o)
    0x0800ebe4   0x0800ebe4   0x00000062   Code   RO         5629    x$fpl$d2f           fz_ws.l(d2f.o)
    0x0800ec46   0x0800ec46   0x00000002   PAD
    0x0800ec48   0x0800ec48   0x00000150   Code   RO         5631    x$fpl$dadd          fz_ws.l(daddsub_clz.o)
    0x0800ed98   0x0800ed98   0x00000018   Code   RO         5749    x$fpl$dcmpinf       fz_ws.l(dcmpi.o)
    0x0800edb0   0x0800edb0   0x000002b0   Code   RO         5638    x$fpl$ddiv          fz_ws.l(ddiv.o)
    0x0800f060   0x0800f060   0x0000005e   Code   RO         5641    x$fpl$dfix          fz_ws.l(dfix.o)
    0x0800f0be   0x0800f0be   0x00000002   PAD
    0x0800f0c0   0x0800f0c0   0x00000078   Code   RO         5645    x$fpl$dleqf         fz_ws.l(dleqf.o)
    0x0800f138   0x0800f138   0x00000154   Code   RO         5647    x$fpl$dmul          fz_ws.l(dmul.o)
    0x0800f28c   0x0800f28c   0x0000009c   Code   RO         5751    x$fpl$dnaninf       fz_ws.l(dnaninf.o)
    0x0800f328   0x0800f328   0x0000000c   Code   RO         5753    x$fpl$dretinf       fz_ws.l(dretinf.o)
    0x0800f334   0x0800f334   0x0000006c   Code   RO         5649    x$fpl$drleqf        fz_ws.l(drleqf.o)
    0x0800f3a0   0x0800f3a0   0x000001d4   Code   RO         5633    x$fpl$dsub          fz_ws.l(daddsub_clz.o)
    0x0800f574   0x0800f574   0x00000056   Code   RO         5651    x$fpl$f2d           fz_ws.l(f2d.o)
    0x0800f5ca   0x0800f5ca   0x00000002   PAD
    0x0800f5cc   0x0800f5cc   0x000000c4   Code   RO         5653    x$fpl$fadd          fz_ws.l(faddsub_clz.o)
    0x0800f690   0x0800f690   0x00000184   Code   RO         5660    x$fpl$fdiv          fz_ws.l(fdiv.o)
    0x0800f814   0x0800f814   0x00000030   Code   RO         5664    x$fpl$fflt          fz_ws.l(fflt_clz.o)
    0x0800f844   0x0800f844   0x00000026   Code   RO         5663    x$fpl$ffltu         fz_ws.l(fflt_clz.o)
    0x0800f86a   0x0800f86a   0x00000002   PAD
    0x0800f86c   0x0800f86c   0x00000102   Code   RO         5669    x$fpl$fmul          fz_ws.l(fmul.o)
    0x0800f96e   0x0800f96e   0x0000008c   Code   RO         5755    x$fpl$fnaninf       fz_ws.l(fnaninf.o)
    0x0800f9fa   0x0800f9fa   0x0000000a   Code   RO         5757    x$fpl$fretinf       fz_ws.l(fretinf.o)
    0x0800fa04   0x0800fa04   0x000000ea   Code   RO         5655    x$fpl$fsub          fz_ws.l(faddsub_clz.o)
    0x0800faee   0x0800faee   0x00000004   Code   RO         5671    x$fpl$printf1       fz_ws.l(printf1.o)
    0x0800faf2   0x0800faf2   0x00000000   Code   RO         5759    x$fpl$usenofp       fz_ws.l(usenofp.o)
    0x0800faf2   0x0800faf2   0x00000018   Data   RO         3716    .constdata          rtc.o
    0x0800fb0a   0x0800fb0a   0x00000028   Data   RO         5552    .constdata          c_w.l(_printf_hex_int.o)
    0x0800fb32   0x0800fb32   0x00000011   Data   RO         5582    .constdata          c_w.l(__printf_flags_wp.o)
    0x0800fb43   0x0800fb43   0x00000001   PAD
    0x0800fb44   0x0800fb44   0x00000094   Data   RO         5798    .constdata          c_w.l(bigflt0.o)
    0x0800fbd8   0x0800fbd8   0x00000128   Data   RO         5435    .conststring        otaupgradetask.o
    0x0800fd00   0x0800fd00   0x00000020   Data   RO         5923    Region$$Table       anon$$obj.o
    0x0800fd20   0x0800fd20   0x0000001c   Data   RO         5826    locale$$data        c_w.l(lc_numeric_c.o)
    0x0800fd3c   0x0800fd3c   0x00000110   Data   RO         5839    locale$$data        c_w.l(lc_ctype_c.o)


    Execution Region RW_IRAM1 (Exec base: 0x20000000, Load base: 0x0800fe4c, Size: 0x00004dc0, Max: 0x00005000, ABSOLUTE, COMPRESSED[0x0000007c])

    Exec Addr    Load Addr    Size         Type   Attr      Idx    E Section Name        Object

    0x20000000   COMPRESSED   0x0000001c   Data   RW            8    .data               main.o
    0x2000001c   COMPRESSED   0x00000014   Data   RW          283    .data               system_stm32f10x.o
    0x20000030   COMPRESSED   0x00000014   Data   RW         1954    .data               stm32f10x_rcc.o
    0x20000044   COMPRESSED   0x00000004   Data   RW         3329    .data               delay.o
    0x20000048   COMPRESSED   0x00000006   Data   RW         3413    .data               usart.o
    0x2000004e   COMPRESSED   0x00000004   Data   RW         3717    .data               rtc.o
    0x20000052   COMPRESSED   0x00000006   PAD
    0x20000058   COMPRESSED   0x00000008   Data   RW         3850    .data               timer.o
    0x20000060   COMPRESSED   0x00000014   Data   RW         3971    .data               hlw8112.o
    0x20000074   COMPRESSED   0x0000003c   Data   RW         4731    .data               tasks.o
    0x200000b0   COMPRESSED   0x00000012   Data   RW         5028    .data               timers.o
    0x200000c2   COMPRESSED   0x00000002   PAD
    0x200000c4   COMPRESSED   0x0000000c   Data   RW         5146    .data               port.o
    0x200000d0   COMPRESSED   0x00000018   Data   RW         5221    .data               heap_4.o
    0x200000e8   COMPRESSED   0x00000040   Data   RW         5274    .data               cmddeal.o
    0x20000128   COMPRESSED   0x00000004   Data   RW         5396    .data               background.o
    0x2000012c   COMPRESSED   0x00000064   Data   RW         5436    .data               otaupgradetask.o
    0x20000190        -       0x00000092   Zero   RW            7    .bss                main.o
    0x20000222        -       0x00000014   Zero   RW         3412    .bss                usart.o
    0x20000236        -       0x0000000a   Zero   RW         3715    .bss                rtc.o
    0x20000240        -       0x00000400   Zero   RW         3801    .bss                stmflash.o
    0x20000640        -       0x00000045   Zero   RW         3970    .bss                hlw8112.o
    0x20000685   COMPRESSED   0x00000003   PAD
    0x20000688        -       0x0000002c   Zero   RW         4137    .bss                dma.o
    0x200006b4        -       0x00000494   Zero   RW         4174    .bss                ec600m.o
    0x20000b48        -       0x00000040   Zero   RW         4502    .bss                queue.o
    0x20000b88        -       0x000002e4   Zero   RW         4730    .bss                tasks.o
    0x20000e6c        -       0x00000028   Zero   RW         5027    .bss                timers.o
    0x20000e94        -       0x00003000   Zero   RW         5220    .bss                heap_4.o
    0x20003e94        -       0x000001f6   Zero   RW         5273    .bss                cmddeal.o
    0x2000408a        -       0x000002cd   Zero   RW         5346    .bss                netcommutask.o
    0x20004357        -       0x00000064   Zero   RW         5395    .bss                background.o
    0x200043bb        -       0x000002bc   Zero   RW         5434    .bss                otaupgradetask.o
    0x20004677   COMPRESSED   0x00000001   PAD
    0x20004678        -       0x000000e4   Zero   RW         5602    .bss                c_w.l(rand.o)
    0x2000475c        -       0x00000060   Zero   RW         5761    .bss                c_w.l(libspace.o)
    0x200047bc   COMPRESSED   0x00000004   PAD
    0x200047c0        -       0x00000200   Zero   RW          325    HEAP                startup_stm32f10x_md.o
    0x200049c0        -       0x00000400   Zero   RW          324    STACK               startup_stm32f10x_md.o


==============================================================================

Image component sizes


      Code (inc. data)   RO Data    RW Data    ZI Data      Debug   Object Name

      1084        232          0          0          0       6643   24cxx.o
       424        106          0          4        100       2395   background.o
      6760        242          0         64        502      15426   cmddeal.o
        32          0          0          0          0        560   core_cm3.o
       206          0          0          0          0       1964   crc.o
       248         28          0          4          0       2277   delay.o
       200         12          0          0         44       2433   dma.o
      4472       1266          0          0       1172      15603   ec600m.o
       370         88          0          0          0      11600   event_groups.o
       220         60          0          0          0       1064   exti.o
       760        174          0         24      12288       3799   heap_4.o
      3104        564          0         20         69      21692   hlw8112.o
        56          6          0          0          0        479   led.o
       152          0          0          0          0       2978   list.o
       712        232          0         28        146     291689   main.o
       172         22          0          0          0     216585   misc.o
       692        100          0          0          0       4146   myiic.o
       624        188          0          0        717       6378   netcommutask.o
      4416       1640        296        100        700      12795   otaupgradetask.o
       950        320          0         12          0      10005   port.o
      2238        242          0          0         64      13745   queue.o
       312         20          0          0          0       1170   relay.o
      1462         94         24          4         10       8553   rtc.o
        64         26        236          0       1536        796   startup_stm32f10x_md.o
       522         30          0          0          0       9005   stm32f10x_adc.o
        72         10          0          0          0       2644   stm32f10x_bkp.o
       428          8          0          0          0       4488   stm32f10x_dma.o
       200         18          0          0          0       2072   stm32f10x_exti.o
       274         30          0          0          0       3366   stm32f10x_flash.o
       494         10          0          0          0       4428   stm32f10x_gpio.o
        20          0          0          0          0       2429   stm32f10x_it.o
        68         30          0          0          0       2430   stm32f10x_iwdg.o
        12          6          0          0          0        502   stm32f10x_pwr.o
       516         76          0         20          0       8710   stm32f10x_rcc.o
       288         52          0          0          0       5603   stm32f10x_rtc.o
       614         72          0          0          0       7140   stm32f10x_tim.o
       460          6          0          0          0       6668   stm32f10x_usart.o
       310          8          0          0       1024       3513   stmflash.o
       404        124          0          0          0      16398   storagetask.o
       328         28          0         20          0       2037   system_stm32f10x.o
      4306       1066          0         60        740      31504   tasks.o
       432         42          0          8          0       3708   timer.o
      1338        312          0         18         40       8299   timers.o
       358         40          0          0          0       2328   tsensor.o
       814         70          0          6         20       6841   usart.o
        40          0          0          0          0        972   wdg.o

    ----------------------------------------------------------------------
     42082       7700        588        400      19176     789860   Object Totals
         0          0         32          0          0          0   (incl. Generated)
        54          0          0          8          4          0   (incl. Padding)

    ----------------------------------------------------------------------

      Code (inc. data)   RO Data    RW Data    ZI Data      Debug   Library Member Name

        60          8          0          0          0         84   __0sscanf.o
        90          0          0          0          0          0   __dczerorl2.o
         8          0          0          0          0         68   __main.o
       312          4         17          0          0         92   __printf_flags_wp.o
        14          0          0          0          0         68   __printf_wp.o
         0          0          0          0          0          0   __rtentry.o
        12          0          0          0          0          0   __rtentry2.o
         6          0          0          0          0          0   __rtentry4.o
        52          8          0          0          0          0   __scatter.o
        28          0          0          0          0          0   __scatter_zi.o
        28          0          0          0          0         68   _chval.o
        44          0          0          0          0        108   _printf_char.o
        48          6          0          0          0         96   _printf_char_common.o
        36          4          0          0          0         80   _printf_char_file.o
         6          0          0          0          0          0   _printf_d.o
       120         16          0          0          0         92   _printf_dec.o
         6          0          0          0          0          0   _printf_f.o
      1054          0          0          0          0        216   _printf_fp_dec.o
       128         16          0          0          0         84   _printf_fp_infnan.o
        88          4         40          0          0         88   _printf_hex_int.o
       178          0          0          0          0         88   _printf_intcommon.o
        78          0          0          0          0        108   _printf_pad.o
         0          0          0          0          0          0   _printf_percent.o
         4          0          0          0          0          0   _printf_percent_end.o
         6          0          0          0          0          0   _printf_s.o
        82          0          0          0          0         80   _printf_str.o
         6          0          0          0          0          0   _printf_x.o
       884          4          0          0          0        100   _scanf.o
       332          0          0          0          0         96   _scanf_int.o
        64          0          0          0          0         84   _sgetc.o
        10          0          0          0          0         68   _sputc.o
       158          0          0          0          0         92   _strtoul.o
        16          0          0          0          0         68   aeabi_memset.o
        26          0          0          0          0         80   atoi.o
       228          4        148          0          0         96   bigflt0.o
      1936        128          0          0          0        672   btod.o
        18          0          0          0          0         80   exit.o
         8          0          0          0          0         68   ferror.o
         6          0          0          0          0        152   heapauxi.o
        18          0          0          0          0         76   isspace.o
        44         10        272          0          0         76   lc_ctype_c.o
        44         10         28          0          0         76   lc_numeric_c.o
         2          0          0          0          0          0   libinit.o
        34          0          0          0          0          0   libinit2.o
         2          0          0          0          0          0   libshutdown.o
         2          0          0          0          0          0   libshutdown2.o
         8          4          0          0         96         68   libspace.o
       138          0          0          0          0         80   lludiv10.o
        24          4          0          0          0         84   noretval__2printf.o
        40          6          0          0          0         84   noretval__2sprintf.o
       112         18          0          0        228        160   rand.o
        16          4          0          0          0         76   rt_ctype_table.o
         8          4          0          0          0         68   rt_errno_addr_intlibspace.o
         8          4          0          0          0         68   rt_locale_intlibspace.o
        68          0          0          0          0         68   rt_memclr.o
        78          0          0          0          0         80   rt_memclr_w.o
       138          0          0          0          0         68   rt_memcpy_v6.o
       100          0          0          0          0         80   rt_memcpy_w.o
         2          0          0          0          0          0   rtexit.o
        10          0          0          0          0          0   rtexit2.o
        44          8          0          0          0         84   scanf_char.o
        20          0          0          0          0         68   strchr.o
       128          0          0          0          0         68   strcmpv7m.o
        72          0          0          0          0         80   strcpy.o
        62          0          0          0          0         76   strlen.o
       150          0          0          0          0         80   strncmp.o
        36          0          0          0          0         80   strstr.o
       112          0          0          0          0         88   strtol.o
        74          0          0          0          0         80   sys_stackheap_outer.o
         2          0          0          0          0         68   use_no_semi.o
         2          0          0          0          0         68   use_no_semi_2.o
        98          4          0          0          0         92   d2f.o
       804         16          0          0          0        272   daddsub_clz.o
        24          0          0          0          0         68   dcmpi.o
       688        140          0          0          0        208   ddiv.o
        94          4          0          0          0         92   dfix.o
       120          4          0          0          0         92   dleqf.o
       340         12          0          0          0        104   dmul.o
       156          4          0          0          0         92   dnaninf.o
        12          0          0          0          0         68   dretinf.o
       108          0          0          0          0         80   drleqf.o
        86          4          0          0          0         84   f2d.o
       430          8          0          0          0        168   faddsub_clz.o
       388         76          0          0          0         96   fdiv.o
        86          0          0          0          0        136   fflt_clz.o
       258          4          0          0          0         84   fmul.o
       140          4          0          0          0         84   fnaninf.o
        10          0          0          0          0         68   fretinf.o
         4          0          0          0          0         68   printf1.o
         0          0          0          0          0          0   usenofp.o
        40          0          0          0          0         68   fpclassify.o

    ----------------------------------------------------------------------
     11684        554        506          0        328       7152   Library Totals
        20          0          1          0          4          0   (incl. Padding)

    ----------------------------------------------------------------------

      Code (inc. data)   RO Data    RW Data    ZI Data      Debug   Library Name

      7778        274        505          0        324       5128   c_w.l
      3846        280          0          0          0       1956   fz_ws.l
        40          0          0          0          0         68   m_ws.l

    ----------------------------------------------------------------------
     11684        554        506          0        328       7152   Library Totals

    ----------------------------------------------------------------------

==============================================================================


      Code (inc. data)   RO Data    RW Data    ZI Data      Debug   

     53766       8254       1094        400      19504     776780   Grand Totals
     53766       8254       1094        124      19504     776780   ELF Image Totals (compressed)
     53766       8254       1094        124          0          0   ROM Totals

==============================================================================

    Total RO  Size (Code + RO Data)                54860 (  53.57kB)
    Total RW  Size (RW Data + ZI Data)             19904 (  19.44kB)
    Total ROM Size (Code + RO Data + RW Data)      54984 (  53.70kB)

==============================================================================

