<html>
<body>
<pre>
<h1>µVision Build Log</h1>
<h2>Tool Versions:</h2>
IDE-Version: ¦ÌVision V5.35.0.0
Copyright (C) 2021 ARM Ltd and ARM Germany GmbH. All rights reserved.
License Information: 123 123, 123, LIC=X1E4T-RJ13C-IN2A7-EB8DA-26WJ4-8DQS6
 
Tool Versions:
Toolchain:       MDK-ARM Professional  Version: 5.35.0.2
Toolchain Path:  G:\Keil5\ARM\ARMCC\Bin
C Compiler:      Armcc.exe V5.06 update 7 (build 960)
Assembler:       Armasm.exe V5.06 update 7 (build 960)
Linker/Locator:  ArmLink.exe V5.06 update 7 (build 960)
Library Manager: ArmAr.exe V5.06 update 7 (build 960)
Hex Converter:   FromElf.exe V5.06 update 7 (build 960)
CPU DLL:         SARMCM3.DLL V5.35.0.2
Dialog DLL:      DCM.DLL V1.17.3.0
Target DLL:      STLink\ST-LINKIII-KEIL_SWO.dll V3.0.9.0
Dialog DLL:      TCM.DLL V1.53.0.0
 
<h2>Project:</h2>
C:\Users\Administrator\Desktop\SourceCode\LC_1002G\USER\SCL_21.uvprojx
Project File Date:  03/08/2023

<h2>Output:</h2>
*** Using Compiler 'V5.06 update 7 (build 960)', folder: 'G:\Keil5\ARM\ARMCC\Bin'
Rebuild target 'Target 1'
compiling system_stm32f10x.c...
compiling stm32f10x_it.c...
compiling main.c...
assembling startup_stm32f10x_md.s...
compiling core_cm3.c...
compiling misc.c...
compiling stm32f10x_adc.c...
compiling stm32f10x_bkp.c...
compiling stm32f10x_can.c...
compiling stm32f10x_cec.c...
compiling stm32f10x_crc.c...
compiling stm32f10x_dbgmcu.c...
compiling stm32f10x_dac.c...
compiling stm32f10x_dma.c...
compiling stm32f10x_exti.c...
compiling stm32f10x_flash.c...
compiling stm32f10x_fsmc.c...
compiling stm32f10x_gpio.c...
compiling stm32f10x_i2c.c...
compiling stm32f10x_iwdg.c...
compiling stm32f10x_pwr.c...
compiling stm32f10x_rtc.c...
compiling stm32f10x_rcc.c...
compiling stm32f10x_sdio.c...
compiling stm32f10x_spi.c...
compiling stm32f10x_tim.c...
compiling stm32f10x_wwdg.c...
compiling stm32f10x_usart.c...
compiling delay.c...
compiling sys.c...
compiling usart.c...
compiling 24cxx.c...
compiling adc.c...
compiling myiic.c...
compiling tsensor.c...
compiling led.c...
compiling rtc.c...
..\HARDWARE\RTC\rtc.c(209): warning:  #550-D: variable "month"  was set but never used
  	u16 month = 0;
..\HARDWARE\RTC\rtc.c(210): warning:  #550-D: variable "date"  was set but never used
  	u16 date = 0;
..\HARDWARE\RTC\rtc.c(211): warning:  #550-D: variable "hour"  was set but never used
  	u16 hour = 0;
..\HARDWARE\RTC\rtc.c(212): warning:  #550-D: variable "min"  was set but never used
  	u16 min = 0;
..\HARDWARE\RTC\rtc.c(213): warning:  #550-D: variable "sec"  was set but never used
  	u16 sec = 0;
..\HARDWARE\RTC\rtc.c: 5 warnings, 0 errors
compiling stmflash.c...
compiling timer.c...
compiling spi.c...
compiling hlw8112.c...
..\HARDWARE\HLW8112\hlw8112.c(450): warning:  #550-D: variable "energy"  was set but never used
  	unsigned int energy = 0;
..\HARDWARE\HLW8112\hlw8112.c(482): warning:  #550-D: variable "energy"  was set but never used
  	unsigned int energy = 0;
..\HARDWARE\HLW8112\hlw8112.c: 2 warnings, 0 errors
compiling dma.c...
compiling relay.c...
compiling ec600m.c...
compiling CRC.c...
compiling wdg.c...
compiling exti.c...
compiling croutine.c...
compiling event_groups.c...
compiling list.c...
compiling queue.c...
compiling tasks.c...
compiling timers.c...
compiling port.c...
compiling heap_4.c...
compiling cmddeal.c...
compiling netcommutask.c...
compiling storagetask.c...
compiling background.c...
compiling otaupgradetask.c...
linking...
Program Size: Code=53766 RO-data=1094 RW-data=400 ZI-data=19504  
FromELF: creating hex file...
After Build - User command #1: G:\Keil5\ARM\ARMCC\bin\fromelf.exe   --bin -o  ..\OBJ\SCL_21.bin ..\OBJ\SCL_21.axf
"..\OBJ\SCL_21.axf" - 0 Error(s), 7 Warning(s).

<h2>Software Packages used:</h2>

Package Vendor: Keil
                http://www.keil.com/pack/Keil.STM32F1xx_DFP.1.0.5.pack
                Keil.STM32F1xx_DFP.1.0.5
                STMicroelectronics STM32F1 Series Device Support, Drivers and Examples

<h2>Collection of Component include folders:</h2>
  G:\Keil5\Keil\STM32F1xx_DFP\1.0.5\Device\Include

<h2>Collection of Component Files used:</h2>
Build Time Elapsed:  00:00:11
</pre>
</body>
</html>
